Component: ARM Compiler 5.05 update 1 (build 106) Tool: armlink [4d0efa]

==============================================================================

Section Cross References

    canopen.o(i.Disableoperation) refers to canopen.o(.data) for ControlWord
    canopen.o(i.Disablevoltage) refers to canopen.o(.data) for ControlWord
    canopen.o(i.Enableoperation) refers to canopen.o(.data) for ControlWord
    canopen.o(i.Faultreset) refers to canopen.o(.data) for ControlWord
    canopen.o(i.Quickstop) refers to canopen.o(.data) for ControlWord
    canopen.o(i.SetMotorType) refers to canopen.o(.data) for MotorType
    canopen.o(i.SetOperationMode) refers to canopen.o(.data) for ModesofOperation
    canopen.o(i.Shutdown) refers to canopen.o(.data) for ControlWord
    canopen.o(i.Switchon) refers to canopen.o(.data) for ControlWord
    canopen.o(i.Switchon2) refers to canopen.o(.data) for ControlWord
    cli_1.o(i.checkNumbers) refers to strlen.o(.text) for strlen
    cli_1.o(i.findCommandInList) refers to cli_1.o(i.cmdlen) for cmdlen
    cli_1.o(i.findCommandInList) refers to strlen.o(.text) for strlen
    cli_1.o(i.findCommandInList) refers to cli_1.o(i.checkNumbers) for checkNumbers
    cli_1.o(i.findCommandInList) refers to cli_1.o(i.string2number) for string2number
    cli_1.o(i.findCommandInList) refers to strcmpv7m.o(.text) for strcmp
    cli_1.o(i.findCommandInList) refers to feqf.o(x$fpl$feqf) for __aeabi_cfcmpeq
    cli_1.o(i.findCommandInList) refers to sci.o(i.sciSendString) for sciSendString
    cli_1.o(i.findCommandInList) refers to ffix.o(x$fpl$ffix) for __aeabi_f2iz
    cli_1.o(i.findCommandInList) refers to sci.o(i.int2String) for int2String
    cli_1.o(i.findCommandInList) refers to sci.o(.data) for bMessage
    cli_1.o(i.string2number) refers to strlen.o(.text) for strlen
    cli_1.o(i.string2number) refers to faddsub_clz.o(x$fpl$fadd) for __aeabi_fadd
    cli_1.o(i.string2number) refers to dflt_clz.o(x$fpl$dflt) for __aeabi_i2d
    cli_1.o(i.string2number) refers to pow.o(i.pow) for pow
    cli_1.o(i.string2number) refers to dmul.o(x$fpl$dmul) for __aeabi_dmul
    cli_1.o(i.string2number) refers to f2d.o(x$fpl$f2d) for __aeabi_f2d
    cli_1.o(i.string2number) refers to daddsub_clz.o(x$fpl$dadd) for __aeabi_dadd
    cli_1.o(i.string2number) refers to d2f.o(x$fpl$d2f) for __aeabi_d2f
    cli_1.o(i.string2number) refers to fmul.o(x$fpl$fmul) for __aeabi_fmul
    cli_1.o(i.string2number) refers to sci.o(i.sciSendString) for sciSendString
    cli_1.o(i.string2number) refers to sci.o(.data) for bMessage
    main.o(i.main) refers to main.o(i.prvSetupHardware) for prvSetupHardware
    main.o(i.main) refers to tasks.o(i.xTaskGenericCreate) for xTaskGenericCreate
    main.o(i.main) refers to tasks.o(i.vTaskStartScheduler) for vTaskStartScheduler
    main.o(i.main) refers to tasks.o(i.vTaskDelay) for vTaskDelay
    main.o(i.main) refers to main.o(i.startTask) for startTask
    main.o(i.prvSetupHardware) refers to can.o(i.CAN_Configuration) for CAN_Configuration
    main.o(i.startTask) refers to tasks.o(i.xTaskGenericCreate) for xTaskGenericCreate
    main.o(i.startTask) refers to tasks.o(i.vTaskDelete) for vTaskDelete
    main.o(i.startTask) refers to main.o(.data) for ledTaskHandle
    main.o(i.startTask) refers to led.o(i.ledTask) for ledTask
    main.o(i.startTask) refers to can.o(i.canTestTask) for canTestTask
    main.o(i.startTask) refers to sci.o(i.sciSendTask) for sciSendTask
    main.o(i.startTask) refers to sci.o(i.CLITask) for CLITask
    system_stm32f10x.o(i.SetSysClock) refers to system_stm32f10x.o(i.SetSysClockTo72) for SetSysClockTo72
    system_stm32f10x.o(i.SystemCoreClockUpdate) refers to system_stm32f10x.o(.data) for SystemCoreClock
    system_stm32f10x.o(i.SystemInit) refers to system_stm32f10x.o(i.SetSysClock) for SetSysClock
    startup_stm32f10x_md.o(STACK) refers (Special) to heapauxi.o(.text) for __use_two_region_memory
    startup_stm32f10x_md.o(HEAP) refers (Special) to heapauxi.o(.text) for __use_two_region_memory
    startup_stm32f10x_md.o(RESET) refers (Special) to heapauxi.o(.text) for __use_two_region_memory
    startup_stm32f10x_md.o(RESET) refers to startup_stm32f10x_md.o(STACK) for __initial_sp
    startup_stm32f10x_md.o(RESET) refers to startup_stm32f10x_md.o(.text) for Reset_Handler
    startup_stm32f10x_md.o(RESET) refers to stm32f10x_it.o(i.NMI_Handler) for NMI_Handler
    startup_stm32f10x_md.o(RESET) refers to stm32f10x_it.o(i.HardFault_Handler) for HardFault_Handler
    startup_stm32f10x_md.o(RESET) refers to stm32f10x_it.o(i.MemManage_Handler) for MemManage_Handler
    startup_stm32f10x_md.o(RESET) refers to stm32f10x_it.o(i.BusFault_Handler) for BusFault_Handler
    startup_stm32f10x_md.o(RESET) refers to stm32f10x_it.o(i.UsageFault_Handler) for UsageFault_Handler
    startup_stm32f10x_md.o(RESET) refers to port.o(.emb_text) for vPortSVCHandler
    startup_stm32f10x_md.o(RESET) refers to stm32f10x_it.o(i.DebugMon_Handler) for DebugMon_Handler
[...]
    ../fplib/dleqf.s                         0x00000000   Number         0  dleqf.o ABSOLUTE
    ../fplib/dmul.s                          0x00000000   Number         0  dmul.o ABSOLUTE
    ../fplib/dnaninf.s                       0x00000000   Number         0  dnaninf.o ABSOLUTE
    ../fplib/dretinf.s                       0x00000000   Number         0  dretinf.o ABSOLUTE
    ../fplib/drleqf.s                        0x00000000   Number         0  drleqf.o ABSOLUTE
    ../fplib/dsqrt.s                         0x00000000   Number         0  dsqrt_noumaal.o ABSOLUTE
    ../fplib/f2d.s                           0x00000000   Number         0  f2d.o ABSOLUTE
    ../fplib/faddsub.s                       0x00000000   Number         0  faddsub_clz.o ABSOLUTE
    ../fplib/fcmpi.s                         0x00000000   Number         0  fcmpi.o ABSOLUTE
    ../fplib/feqf.s                          0x00000000   Number         0  feqf.o ABSOLUTE
    ../fplib/ffix.s                          0x00000000   Number         0  ffix.o ABSOLUTE
    ../fplib/fflt.s                          0x00000000   Number         0  fflt_clz.o ABSOLUTE
    ../fplib/fleqf.s                         0x00000000   Number         0  fleqf.o ABSOLUTE
    ../fplib/fmul.s                          0x00000000   Number         0  fmul.o ABSOLUTE
    ../fplib/fnaninf.s                       0x00000000   Number         0  fnaninf.o ABSOLUTE
    ../fplib/fpinit.s                        0x00000000   Number         0  fpinit.o ABSOLUTE
    ../fplib/fretinf.s                       0x00000000   Number         0  fretinf.o ABSOLUTE
    ../fplib/retnan.s                        0x00000000   Number         0  retnan.o ABSOLUTE
    ../fplib/scalbn.s                        0x00000000   Number         0  scalbn.o ABSOLUTE
    ../fplib/trapv.s                         0x00000000   Number         0  trapv.o ABSOLUTE
    ../fplib/usenofp.s                       0x00000000   Number         0  usenofp.o ABSOLUTE
    ../mathlib/dunder.c                      0x00000000   Number         0  dunder.o ABSOLUTE
    ../mathlib/fpclassify.c                  0x00000000   Number         0  fpclassify.o ABSOLUTE
    ../mathlib/poly.c                        0x00000000   Number         0  poly.o ABSOLUTE
    ../mathlib/pow.c                         0x00000000   Number         0  pow_x.o ABSOLUTE
    ../mathlib/pow.c                         0x00000000   Number         0  pow.o ABSOLUTE
    ../mathlib/qnan.c                        0x00000000   Number         0  qnan.o ABSOLUTE
    ../mathlib/sqrt.c                        0x00000000   Number         0  sqrt_x.o ABSOLUTE
    ../mathlib/sqrt.c                        0x00000000   Number         0  sqrt.o ABSOLUTE
    FreeRTOS\MemMang\heap_2.c                0x00000000   Number         0  heap_2.o ABSOLUTE
    FreeRTOS\\port\\port.c                   0x00000000   Number         0  port.o ABSOLUTE
    FreeRTOS\croutine.c                      0x00000000   Number         0  croutine.o ABSOLUTE
    FreeRTOS\event_groups.c                  0x00000000   Number         0  event_groups.o ABSOLUTE
    FreeRTOS\list.c                          0x00000000   Number         0  list.o ABSOLUTE
    FreeRTOS\port\port.c                     0x00000000   Number         0  port.o ABSOLUTE
    FreeRTOS\queue.c                         0x00000000   Number         0  queue.o ABSOLUTE
    FreeRTOS\tasks.c                         0x00000000   Number         0  tasks.o ABSOLUTE
    FreeRTOS\timers.c                        0x00000000   Number         0  timers.o ABSOLUTE
    app\src\canopen.c                        0x00000000   Number         0  canopen.o ABSOLUTE
    app\src\cli.c                            0x00000000   Number         0  cli_1.o ABSOLUTE
    dc.s                                     0x00000000   Number         0  dc.o ABSOLUTE
    driver\src\can.c                         0x00000000   Number         0  can.o ABSOLUTE
    driver\src\led.c                         0x00000000   Number         0  led.o ABSOLUTE
    driver\src\sci.c                         0x00000000   Number         0  sci.o ABSOLUTE
    lib\src\misc.c                           0x00000000   Number         0  misc.o ABSOLUTE
    lib\src\stm32f10x_adc.c                  0x00000000   Number         0  stm32f10x_adc.o ABSOLUTE
    lib\src\stm32f10x_can.c                  0x00000000   Number         0  stm32f10x_can.o ABSOLUTE
    lib\src\stm32f10x_gpio.c                 0x00000000   Number         0  stm32f10x_gpio.o ABSOLUTE
    lib\src\stm32f10x_rcc.c                  0x00000000   Number         0  stm32f10x_rcc.o ABSOLUTE
    lib\src\stm32f10x_tim.c                  0x00000000   Number         0  stm32f10x_tim.o ABSOLUTE
    lib\src\stm32f10x_usart.c                0x00000000   Number         0  stm32f10x_usart.o ABSOLUTE
    sys\\core_cm3.c                          0x00000000   Number         0  core_cm3.o ABSOLUTE
    sys\core_cm3.c                           0x00000000   Number         0  core_cm3.o ABSOLUTE
    sys\main.c                               0x00000000   Number         0  main.o ABSOLUTE
    sys\startup_stm32f10x_md.s               0x00000000   Number         0  startup_stm32f10x_md.o ABSOLUTE
    sys\stm32f10x_it.c                       0x00000000   Number         0  stm32f10x_it.o ABSOLUTE
    sys\system_stm32f10x.c                   0x00000000   Number         0  system_stm32f10x.o ABSOLUTE
    RESET                                    0x08000000   Section      236  startup_stm32f10x_md.o(RESET)
    !!!main                                  0x080000ec   Section        8  __main.o(!!!main)
    !!!scatter                               0x080000f4   Section       52  __scatter.o(!!!scatter)
    !!handler_copy                           0x08000128   Section       26  __scatter_copy.o(!!handler_copy)
    !!handler_zi                             0x08000144   Section       28  __scatter_zi.o(!!handler_zi)
    .ARM.Collect$$libinit$$00000000          0x08000160   Section        2  libinit.o(.ARM.Collect$$libinit$$00000000)
    .ARM.Collect$$libinit$$00000002          0x08000162   Section        0  libinit2.o(.ARM.Collect$$libinit$$00000002)
    .ARM.Collect$$libinit$$00000004          0x08000162   Section        0  libinit2.o(.ARM.Collect$$libinit$$00000004)
    .ARM.Collect$$libinit$$0000000A          0x08000162   Section        0  libinit2.o(.ARM.Collect$$libinit$$0000000A)
    .ARM.Collect$$libinit$$0000000C          0x08000162   Section        0  libinit2.o(.ARM.Collect$$libinit$$0000000C)
    .ARM.Collect$$libinit$$0000000E          0x08000162   Section        0  libinit2.o(.ARM.Collect$$libinit$$0000000E)
    .ARM.Collect$$libinit$$00000011          0x08000162   Section        0  libinit2.o(.ARM.Collect$$libinit$$00000011)
    .ARM.Collect$$libinit$$00000013          0x08000162   Section        0  libinit2.o(.ARM.Collect$$libinit$$00000013)
    .ARM.Collect$$libinit$$00000015          0x08000162   Section        0  libinit2.o(.ARM.Collect$$libinit$$00000015)
    .ARM.Collect$$libinit$$00000017          0x08000162   Section        0  libinit2.o(.ARM.Collect$$libinit$$00000017)
    .ARM.Collect$$libinit$$00000019          0x08000162   Section        0  libinit2.o(.ARM.Collect$$libinit$$00000019)
    .ARM.Collect$$libinit$$0000001B          0x08000162   Section        0  libinit2.o(.ARM.Collect$$libinit$$0000001B)
    .ARM.Collect$$libinit$$0000001D          0x08000162   Section        0  libinit2.o(.ARM.Collect$$libinit$$0000001D)
    .ARM.Collect$$libinit$$0000001F          0x08000162   Section        0  libinit2.o(.ARM.Collect$$libinit$$0000001F)
    .ARM.Collect$$libinit$$00000021          0x08000162   Section        0  libinit2.o(.ARM.Collect$$libinit$$00000021)
    .ARM.Collect$$libinit$$00000023          0x08000162   Section        0  libinit2.o(.ARM.Collect$$libinit$$00000023)
    .ARM.Collect$$libinit$$00000025          0x08000162   Section        0  libinit2.o(.ARM.Collect$$libinit$$00000025)
    .ARM.Collect$$libinit$$0000002C          0x08000162   Section        0  libinit2.o(.ARM.Collect$$libinit$$0000002C)
    .ARM.Collect$$libinit$$0000002E          0x08000162   Section        0  libinit2.o(.ARM.Collect$$libinit$$0000002E)
    .ARM.Collect$$libinit$$00000030          0x08000162   Section        0  libinit2.o(.ARM.Collect$$libinit$$00000030)
    .ARM.Collect$$libinit$$00000032          0x08000162   Section        0  libinit2.o(.ARM.Collect$$libinit$$00000032)
    .ARM.Collect$$libinit$$00000033          0x08000162   Section        2  libinit2.o(.ARM.Collect$$libinit$$00000033)
    .ARM.Collect$$libshutdown$$00000000      0x08000164   Section        2  libshutdown.o(.ARM.Collect$$libshutdown$$00000000)
    .ARM.Collect$$libshutdown$$00000003      0x08000166   Section        0  libshutdown2.o(.ARM.Collect$$libshutdown$$00000003)
    .ARM.Collect$$libshutdown$$00000006      0x08000166   Section        0  libshutdown2.o(.ARM.Collect$$libshutdown$$00000006)
    .ARM.Collect$$libshutdown$$00000009      0x08000166   Section        0  libshutdown2.o(.ARM.Collect$$libshutdown$$00000009)
    .ARM.Collect$$libshutdown$$0000000B      0x08000166   Section        0  libshutdown2.o(.ARM.Collect$$libshutdown$$0000000B)
    .ARM.Collect$$libshutdown$$0000000E      0x08000166   Section        0  libshutdown2.o(.ARM.Collect$$libshutdown$$0000000E)
    .ARM.Collect$$libshutdown$$0000000F      0x08000166   Section        2  libshutdown2.o(.ARM.Collect$$libshutdown$$0000000F)
    .ARM.Collect$$rtentry$$00000000          0x08000168   Section        0  __rtentry.o(.ARM.Collect$$rtentry$$00000000)
    .ARM.Collect$$rtentry$$00000002          0x08000168   Section        0  __rtentry2.o(.ARM.Collect$$rtentry$$00000002)
    .ARM.Collect$$rtentry$$00000004          0x08000168   Section        6  __rtentry4.o(.ARM.Collect$$rtentry$$00000004)
    .ARM.Collect$$rtentry$$00000009          0x0800016e   Section        0  __rtentry2.o(.ARM.Collect$$rtentry$$00000009)
    .ARM.Collect$$rtentry$$0000000A          0x0800016e   Section        4  __rtentry2.o(.ARM.Collect$$rtentry$$0000000A)
    .ARM.Collect$$rtentry$$0000000C          0x08000172   Section        0  __rtentry2.o(.ARM.Collect$$rtentry$$0000000C)
    .ARM.Collect$$rtentry$$0000000D          0x08000172   Section        8  __rtentry2.o(.ARM.Collect$$rtentry$$0000000D)
    .ARM.Collect$$rtexit$$00000000           0x0800017a   Section        2  rtexit.o(.ARM.Collect$$rtexit$$00000000)
    .ARM.Collect$$rtexit$$00000002           0x0800017c   Section        0  rtexit2.o(.ARM.Collect$$rtexit$$00000002)
    .ARM.Collect$$rtexit$$00000003           0x0800017c   Section        4  rtexit2.o(.ARM.Collect$$rtexit$$00000003)
    .ARM.Collect$$rtexit$$00000004           0x08000180   Section        6  rtexit2.o(.ARM.Collect$$rtexit$$00000004)
    .emb_text                                0x08000188   Section      162  port.o(.emb_text)
    .text                                    0x0800022c   Section       64  startup_stm32f10x_md.o(.text)
    .text                                    0x0800026c   Section        0  strlen.o(.text)
    .text                                    0x080002aa   Section      138  rt_memcpy_v6.o(.text)
    .text                                    0x08000334   Section      128  strcmpv7m.o(.text)
    .text                                    0x080003b4   Section        0  heapauxi.o(.text)
    .text                                    0x080003ba   Section        0  _rserrno.o(.text)
    .text                                    0x080003d0   Section      100  rt_memcpy_w.o(.text)
    .text                                    0x08000434   Section        8  rt_errno_addr_intlibspace.o(.text)
    .text                                    0x0800043c   Section        8  libspace.o(.text)
    .text                                    0x08000444   Section       74  sys_stackheap_outer.o(.text)
    .text                                    0x0800048e   Section        0  exit.o(.text)
    .text                                    0x0800049c   Section        0  sys_exit.o(.text)
    .text                                    0x080004a8   Section        2  use_no_semi.o(.text)
    .text                                    0x080004aa   Section        0  indicate_semi.o(.text)
    i.BusFault_Handler                       0x080004aa   Section        0  stm32f10x_it.o(i.BusFault_Handler)
    i.CAN_ClearFlag                          0x080004b0   Section        0  stm32f10x_can.o(i.CAN_ClearFlag)
    i.CAN_Configuration                      0x080004e8   Section        0  can.o(i.CAN_Configuration)
    i.CAN_DeInit                             0x080005d8   Section        0  stm32f10x_can.o(i.CAN_DeInit)
    i.CAN_GetITStatus                        0x08000610   Section        0  stm32f10x_can.o(i.CAN_GetITStatus)
    i.CAN_ITConfig                           0x08000730   Section        0  stm32f10x_can.o(i.CAN_ITConfig)
    i.CAN_Init                               0x08000742   Section        0  stm32f10x_can.o(i.CAN_Init)
    i.CAN_Receive                            0x08000856   Section        0  stm32f10x_can.o(i.CAN_Receive)
    i.CAN_Transmit                           0x08000946   Section        0  stm32f10x_can.o(i.CAN_Transmit)
    i.CAN_send                               0x08000a6c   Section        0  can.o(i.CAN_send)
    i.CLITask                                0x08000abc   Section        0  sci.o(i.CLITask)
    i.CheckITStatus                          0x08000b48   Section        0  stm32f10x_can.o(i.CheckITStatus)
    CheckITStatus                            0x08000b49   Thumb Code    18  stm32f10x_can.o(i.CheckITStatus)
    i.DebugMon_Handler                       0x08000b5a   Section        0  stm32f10x_it.o(i.DebugMon_Handler)
    i.GPIO_Init                              0x08000b5c   Section        0  stm32f10x_gpio.o(i.GPIO_Init)
    i.GPIO_PinRemapConfig                    0x08000c74   Section        0  stm32f10x_gpio.o(i.GPIO_PinRemapConfig)
    i.GPIO_WriteBit                          0x08000d04   Section        0  stm32f10x_gpio.o(i.GPIO_WriteBit)
    i.HardFault_Handler                      0x08000d0e   Section        0  stm32f10x_it.o(i.HardFault_Handler)
    i.LED_Configuration                      0x08000d14   Section        0  led.o(i.LED_Configuration)
    i.LedOff                                 0x08000d40   Section        0  led.o(i.LedOff)
    i.LedOn                                  0x08000d84   Section        0  led.o(i.LedOn)
    i.MemManage_Handler                      0x08000df8   Section        0  stm32f10x_it.o(i.MemManage_Handler)
    i.NMI_Handler                            0x08000dfc   Section        0  stm32f10x_it.o(i.NMI_Handler)
    i.NVIC_Init                              0x08000e00   Section        0  misc.o(i.NVIC_Init)
    i.RCC_APB1PeriphClockCmd                 0x08000e70   Section        0  stm32f10x_rcc.o(i.RCC_APB1PeriphClockCmd)
    i.RCC_APB1PeriphResetCmd                 0x08000e90   Section        0  stm32f10x_rcc.o(i.RCC_APB1PeriphResetCmd)
    i.RCC_APB2PeriphClockCmd                 0x08000eb0   Section        0  stm32f10x_rcc.o(i.RCC_APB2PeriphClockCmd)
    i.RCC_APB2PeriphResetCmd                 0x08000ed0   Section        0  stm32f10x_rcc.o(i.RCC_APB2PeriphResetCmd)
    i.RCC_GetClocksFreq                      0x08000ef0   Section        0  stm32f10x_rcc.o(i.RCC_GetClocksFreq)
    i.ReceiveData                            0x08000fc4   Section        0  can.o(i.ReceiveData)
    i.SetSysClock                            0x08000fec   Section        0  system_stm32f10x.o(i.SetSysClock)
    SetSysClock                              0x08000fed   Thumb Code     8  system_stm32f10x.o(i.SetSysClock)
    i.SetSysClockTo72                        0x08000ff4   Section        0  system_stm32f10x.o(i.SetSysClockTo72)
    SetSysClockTo72                          0x08000ff5   Thumb Code   214  system_stm32f10x.o(i.SetSysClockTo72)
    i.SystemInit                             0x080010d4   Section        0  system_stm32f10x.o(i.SystemInit)
    i.USART3_IRQHandler                      0x08001134   Section        0  sci.o(i.USART3_IRQHandler)
    i.USART_ClearITPendingBit                0x080011a8   Section        0  stm32f10x_usart.o(i.USART_ClearITPendingBit)
    i.USART_Cmd                              0x080011c6   Section        0  stm32f10x_usart.o(i.USART_Cmd)
    i.USART_DeInit                           0x080011e0   Section        0  stm32f10x_usart.o(i.USART_DeInit)
    i.USART_ITConfig                         0x0800127c   Section        0  stm32f10x_usart.o(i.USART_ITConfig)
    i.USART_Init                             0x080012c8   Section        0  stm32f10x_usart.o(i.USART_Init)
    i.USB_LP_CAN1_RX0_IRQHandler             0x080013a0   Section        0  can.o(i.USB_LP_CAN1_RX0_IRQHandler)
    i.UsageFault_Handler                     0x080013e0   Section        0  stm32f10x_it.o(i.UsageFault_Handler)
    i.__ARM_fpclassify                       0x080013e4   Section        0  fpclassify.o(i.__ARM_fpclassify)
    i.__kernel_poly                          0x0800140c   Section        0  poly.o(i.__kernel_poly)
    i.__mathlib_dbl_divzero                  0x080014b8   Section        0  dunder.o(i.__mathlib_dbl_divzero)
    i.__mathlib_dbl_infnan2                  0x080014c8   Section        0  dunder.o(i.__mathlib_dbl_infnan2)
    i.__mathlib_dbl_invalid                  0x080014cc   Section        0  dunder.o(i.__mathlib_dbl_invalid)
    i.__mathlib_dbl_overflow                 0x080014d8   Section        0  dunder.o(i.__mathlib_dbl_overflow)
    i.__mathlib_dbl_underflow                0x080014e8   Section        0  dunder.o(i.__mathlib_dbl_underflow)
    i.canTestTask                            0x080014f8   Section        0  can.o(i.canTestTask)
    i.checkNumbers                           0x08001518   Section        0  cli_1.o(i.checkNumbers)
    i.cmdlen                                 0x0800156e   Section        0  cli_1.o(i.cmdlen)
    i.findCommandInList                      0x08001588   Section        0  cli_1.o(i.findCommandInList)
    i.int2String                             0x080016d4   Section        0  sci.o(i.int2String)
    i.ledTask                                0x08001774   Section        0  led.o(i.ledTask)
    i.main                                   0x080017f8   Section        0  main.o(i.main)
    i.pow                                    0x0800183c   Section        0  pow.o(i.pow)
    i.prvAddCurrentTaskToDelayedList         0x080021f4   Section        0  tasks.o(i.prvAddCurrentTaskToDelayedList)
    prvAddCurrentTaskToDelayedList           0x080021f5   Thumb Code    62  tasks.o(i.prvAddCurrentTaskToDelayedList)
    i.prvAllocateTCBAndStack                 0x08002248   Section        0  tasks.o(i.prvAllocateTCBAndStack)
    prvAllocateTCBAndStack                   0x08002249   Thumb Code    46  tasks.o(i.prvAllocateTCBAndStack)
    i.prvCheckTasksWaitingTermination        0x08002278   Section        0  tasks.o(i.prvCheckTasksWaitingTermination)
    prvCheckTasksWaitingTermination          0x08002279   Thumb Code    86  tasks.o(i.prvCheckTasksWaitingTermination)
    i.prvCopyDataFromQueue                   0x080022dc   Section        0  queue.o(i.prvCopyDataFromQueue)
    prvCopyDataFromQueue                     0x080022dd   Thumb Code    42  queue.o(i.prvCopyDataFromQueue)
    i.prvCopyDataToQueue                     0x08002306   Section        0  queue.o(i.prvCopyDataToQueue)
    prvCopyDataToQueue                       0x08002307   Thumb Code   110  queue.o(i.prvCopyDataToQueue)
    i.prvDeleteTCB                           0x08002374   Section        0  tasks.o(i.prvDeleteTCB)
    prvDeleteTCB                             0x08002375   Thumb Code    18  tasks.o(i.prvDeleteTCB)
    i.prvHeapInit                            0x08002388   Section        0  heap_2.o(i.prvHeapInit)
    prvHeapInit                              0x08002389   Thumb Code    42  heap_2.o(i.prvHeapInit)
    i.prvIdleTask                            0x080023c0   Section        0  tasks.o(i.prvIdleTask)
    prvIdleTask                              0x080023c1   Thumb Code    20  tasks.o(i.prvIdleTask)
    i.prvInitialiseTCBVariables              0x080023d8   Section        0  tasks.o(i.prvInitialiseTCBVariables)
    prvInitialiseTCBVariables                0x080023d9   Thumb Code    84  tasks.o(i.prvInitialiseTCBVariables)
    i.prvInitialiseTaskLists                 0x0800242c   Section        0  tasks.o(i.prvInitialiseTaskLists)
    prvInitialiseTaskLists                   0x0800242d   Thumb Code    70  tasks.o(i.prvInitialiseTaskLists)
    i.prvIsQueueEmpty                        0x08002494   Section        0  queue.o(i.prvIsQueueEmpty)
    prvIsQueueEmpty                          0x08002495   Thumb Code    26  queue.o(i.prvIsQueueEmpty)
    i.prvIsQueueFull                         0x080024ae   Section        0  queue.o(i.prvIsQueueFull)
    prvIsQueueFull                           0x080024af   Thumb Code    30  queue.o(i.prvIsQueueFull)
    i.prvResetNextTaskUnblockTime            0x080024cc   Section        0  tasks.o(i.prvResetNextTaskUnblockTime)
    prvResetNextTaskUnblockTime              0x080024cd   Thumb Code    42  tasks.o(i.prvResetNextTaskUnblockTime)
    i.prvSetupHardware                       0x08002500   Section        0  main.o(i.prvSetupHardware)
    prvSetupHardware                         0x08002501   Thumb Code     8  main.o(i.prvSetupHardware)
    i.prvTaskExitError                       0x08002508   Section        0  port.o(i.prvTaskExitError)
    prvTaskExitError                         0x08002509   Thumb Code     8  port.o(i.prvTaskExitError)
    i.prvUnlockQueue                         0x08002510   Section        0  queue.o(i.prvUnlockQueue)
    prvUnlockQueue                           0x08002511   Thumb Code   126  queue.o(i.prvUnlockQueue)
    i.pvPortMalloc                           0x08002590   Section        0  heap_2.o(i.pvPortMalloc)
    i.pxPortInitialiseStack                  0x08002648   Section        0  port.o(i.pxPortInitialiseStack)
    i.sciConfiguration                       0x08002668   Section        0  sci.o(i.sciConfiguration)
    i.sciSendChar                            0x08002744   Section        0  sci.o(i.sciSendChar)
    i.sciSendString                          0x08002756   Section        0  sci.o(i.sciSendString)
    i.sciSendTask                            0x08002770   Section        0  sci.o(i.sciSendTask)
    i.sqrt                                   0x080027dc   Section        0  sqrt.o(i.sqrt)
    i.startTask                              0x08002828   Section        0  main.o(i.startTask)
    i.string2number                          0x080028d4   Section        0  cli_1.o(i.string2number)
    i.uxListRemove                           0x08002c10   Section        0  list.o(i.uxListRemove)
    i.vListInitialise                        0x08002c38   Section        0  list.o(i.vListInitialise)
    i.vListInitialiseItem                    0x08002c52   Section        0  list.o(i.vListInitialiseItem)
    i.vListInsert                            0x08002c58   Section        0  list.o(i.vListInsert)
    i.vListInsertEnd                         0x08002c8c   Section        0  list.o(i.vListInsertEnd)
    i.vPortEnterCritical                     0x08002ca4   Section        0  port.o(i.vPortEnterCritical)
    i.vPortExitCritical                      0x08002cc4   Section        0  port.o(i.vPortExitCritical)
    i.vPortFree                              0x08002ce4   Section        0  heap_2.o(i.vPortFree)
    i.vPortSetupTimerInterrupt               0x08002d24   Section        0  port.o(i.vPortSetupTimerInterrupt)
    i.vPortYield                             0x08002d38   Section        0  port.o(i.vPortYield)
    i.vTaskDelay                             0x08002d50   Section        0  tasks.o(i.vTaskDelay)
    i.vTaskDelete                            0x08002da4   Section        0  tasks.o(i.vTaskDelete)
    i.vTaskMissedYield                       0x08002e4c   Section        0  tasks.o(i.vTaskMissedYield)
    i.vTaskPlaceOnEventList                  0x08002e58   Section        0  tasks.o(i.vTaskPlaceOnEventList)
    i.vTaskSetTimeOutState                   0x08002ebc   Section        0  tasks.o(i.vTaskSetTimeOutState)
    i.vTaskStartScheduler                    0x08002ed4   Section        0  tasks.o(i.vTaskStartScheduler)
    i.vTaskSuspendAll                        0x08002f1c   Section        0  tasks.o(i.vTaskSuspendAll)
    i.vTaskSwitchContext                     0x08002f2c   Section        0  tasks.o(i.vTaskSwitchContext)
    i.xPortStartScheduler                    0x08002f8c   Section        0  port.o(i.xPortStartScheduler)
    i.xPortSysTickHandler                    0x08002fc0   Section        0  port.o(i.xPortSysTickHandler)
    i.xQueueGenericCreate                    0x08002fe0   Section        0  queue.o(i.xQueueGenericCreate)
    i.xQueueGenericReceive                   0x08003028   Section        0  queue.o(i.xQueueGenericReceive)
    i.xQueueGenericReset                     0x08003126   Section        0  queue.o(i.xQueueGenericReset)
    i.xQueueGenericSend                      0x08003194   Section        0  queue.o(i.xQueueGenericSend)
    i.xTaskCheckForTimeOut                   0x08003280   Section        0  tasks.o(i.xTaskCheckForTimeOut)
    i.xTaskGenericCreate                     0x080032dc   Section        0  tasks.o(i.xTaskGenericCreate)
    i.xTaskIncrementTick                     0x080033d8   Section        0  tasks.o(i.xTaskIncrementTick)
    i.xTaskRemoveFromEventList               0x080034f8   Section        0  tasks.o(i.xTaskRemoveFromEventList)
    i.xTaskResumeAll                         0x08003578   Section        0  tasks.o(i.xTaskResumeAll)
    x$fpl$d2f                                0x08003654   Section       98  d2f.o(x$fpl$d2f)
    x$fpl$dadd                               0x080036b8   Section      336  daddsub_clz.o(x$fpl$dadd)
    _dadd1                                   0x080036c9   Thumb Code     0  daddsub_clz.o(x$fpl$dadd)
    x$fpl$dcheck1                            0x08003808   Section       16  dcheck1.o(x$fpl$dcheck1)
    x$fpl$dcmpinf                            0x08003818   Section       24  dcmpi.o(x$fpl$dcmpinf)
    x$fpl$ddiv                               0x08003830   Section      688  ddiv.o(x$fpl$ddiv)
    ddiv_entry                               0x08003837   Thumb Code     0  ddiv.o(x$fpl$ddiv)
    x$fpl$dflt                               0x08003ae0   Section       46  dflt_clz.o(x$fpl$dflt)
    x$fpl$dleqf                              0x08003b10   Section      120  dleqf.o(x$fpl$dleqf)
    x$fpl$dmul                               0x08003b88   Section      340  dmul.o(x$fpl$dmul)
    x$fpl$dnaninf                            0x08003cdc   Section      156  dnaninf.o(x$fpl$dnaninf)
    x$fpl$dretinf                            0x08003d78   Section       12  dretinf.o(x$fpl$dretinf)
    x$fpl$drleqf                             0x08003d84   Section      108  drleqf.o(x$fpl$drleqf)
    x$fpl$drsb                               0x08003df0   Section       22  daddsub_clz.o(x$fpl$drsb)
    x$fpl$dsqrt                              0x08003e08   Section      460  dsqrt_noumaal.o(x$fpl$dsqrt)
    x$fpl$dsub                               0x08003fd4   Section      468  daddsub_clz.o(x$fpl$dsub)
    _dsub1                                   0x08003fe5   Thumb Code     0  daddsub_clz.o(x$fpl$dsub)
    x$fpl$f2d                                0x080041a8   Section       86  f2d.o(x$fpl$f2d)
    x$fpl$fadd                               0x08004200   Section      196  faddsub_clz.o(x$fpl$fadd)
    _fadd1                                   0x0800420f   Thumb Code     0  faddsub_clz.o(x$fpl$fadd)
    x$fpl$fcmpinf                            0x080042c4   Section       24  fcmpi.o(x$fpl$fcmpinf)
    x$fpl$feqf                               0x080042dc   Section      104  feqf.o(x$fpl$feqf)
    x$fpl$ffix                               0x08004344   Section       54  ffix.o(x$fpl$ffix)
    x$fpl$fmul                               0x0800437c   Section      258  fmul.o(x$fpl$fmul)
    x$fpl$fnaninf                            0x0800447e   Section      140  fnaninf.o(x$fpl$fnaninf)
    x$fpl$fretinf                            0x0800450a   Section       10  fretinf.o(x$fpl$fretinf)
    x$fpl$fsub                               0x08004514   Section      234  faddsub_clz.o(x$fpl$fsub)
    _fsub1                                   0x08004523   Thumb Code     0  faddsub_clz.o(x$fpl$fsub)
    x$fpl$retnan                             0x080045fe   Section      100  retnan.o(x$fpl$retnan)
    x$fpl$scalbn                             0x08004662   Section       92  scalbn.o(x$fpl$scalbn)
    x$fpl$trapveneer                         0x080046be   Section       48  trapv.o(x$fpl$trapveneer)
    x$fpl$usenofp                            0x080046ee   Section        0  usenofp.o(x$fpl$usenofp)
    .constdata                               0x080046f0   Section      136  pow.o(.constdata)
    bp                                       0x080046f0   Data          16  pow.o(.constdata)
    dp_h                                     0x08004700   Data          16  pow.o(.constdata)
    dp_l                                     0x08004710   Data          16  pow.o(.constdata)
    L                                        0x08004720   Data          48  pow.o(.constdata)
    P                                        0x08004750   Data          40  pow.o(.constdata)
    .constdata                               0x08004778   Section        8  qnan.o(.constdata)
    .data                                    0x20000000   Section       12  main.o(.data)
    .data                                    0x2000000c   Section       56  tasks.o(.data)
    pxDelayedTaskList                        0x20000010   Data           4  tasks.o(.data)
    pxOverflowDelayedTaskList                0x20000014   Data           4  tasks.o(.data)
    uxTasksDeleted                           0x20000018   Data           4  tasks.o(.data)
    uxCurrentNumberOfTasks                   0x2000001c   Data           4  tasks.o(.data)
    xTickCount                               0x20000020   Data           4  tasks.o(.data)
    uxTopReadyPriority                       0x20000024   Data           4  tasks.o(.data)
    xSchedulerRunning                        0x20000028   Data           4  tasks.o(.data)
    uxPendedTicks                            0x2000002c   Data           4  tasks.o(.data)
    xYieldPending                            0x20000030   Data           4  tasks.o(.data)
    xNumOfOverflows                          0x20000034   Data           4  tasks.o(.data)
    uxTaskNumber                             0x20000038   Data           4  tasks.o(.data)
    xNextTaskUnblockTime                     0x2000003c   Data           4  tasks.o(.data)
    uxSchedulerSuspended                     0x20000040   Data           4  tasks.o(.data)
    .data                                    0x20000044   Section        4  port.o(.data)
    uxCriticalNesting                        0x20000044   Data           4  port.o(.data)
    .data                                    0x20000048   Section       24  heap_2.o(.data)
    xStart                                   0x20000048   Data           8  heap_2.o(.data)
    xEnd                                     0x20000050   Data           8  heap_2.o(.data)
    xFreeBytesRemaining                      0x20000058   Data           4  heap_2.o(.data)
    xHeapHasBeenInitialised                  0x2000005c   Data           4  heap_2.o(.data)
    .data                                    0x20000060   Section       20  stm32f10x_rcc.o(.data)
    APBAHBPrescTable                         0x20000060   Data          16  stm32f10x_rcc.o(.data)
    ADCPrescTable                            0x20000070   Data           4  stm32f10x_rcc.o(.data)
    .data                                    0x20000074   Section        4  can.o(.data)
    .data                                    0x20000078   Section       12  led.o(.data)
    .data                                    0x20000084   Section        4  sci.o(.data)
    .bss                                     0x20000088   Section      200  tasks.o(.bss)
    pxReadyTasksLists                        0x20000088   Data         100  tasks.o(.bss)
    xDelayedTaskList1                        0x200000ec   Data          20  tasks.o(.bss)
    xDelayedTaskList2                        0x20000100   Data          20  tasks.o(.bss)
    xPendingReadyList                        0x20000114   Data          20  tasks.o(.bss)
    xTasksWaitingTermination                 0x20000128   Data          20  tasks.o(.bss)
    xSuspendedTaskList                       0x2000013c   Data          20  tasks.o(.bss)
    .bss                                     0x20000150   Section    17408  heap_2.o(.bss)
    ucHeap                                   0x20000150   Data       17408  heap_2.o(.bss)
    .bss                                     0x20004550   Section       40  can.o(.bss)
    .bss                                     0x20004578   Section       28  sci.o(.bss)
    .bss                                     0x20004594   Section       96  libspace.o(.bss)
    HEAP                                     0x200045f8   Section      512  startup_stm32f10x_md.o(HEAP)
    Heap_Mem                                 0x200045f8   Data         512  startup_stm32f10x_md.o(HEAP)
    STACK                                    0x200047f8   Section     1024  startup_stm32f10x_md.o(STACK)
    Stack_Mem                                0x200047f8   Data        1024  startup_stm32f10x_md.o(STACK)
    __initial_sp                             0x20004bf8   Data           0  startup_stm32f10x_md.o(STACK)

    Global Symbols

    Symbol Name                              Value     Ov Type        Size  Object(Section)

    BuildAttributes$$THM_ISAv4$P$D$K$B$S$PE$A:L22UL41UL21$X:L11$S22US41US21$IEEE1$IW$USESV6$~STKCKD$USESV7$~SHL$OTIME$ROPI$IEEEX$EBA8$UX$STANDARDLIB$REQ8$PRES8$EABIv2 0x00000000   Number         0  anon$$obj.o ABSOLUTE
    __ARM_use_no_argv                        0x00000000   Number         0  main.o ABSOLUTE
    __ARM_exceptions_init                     - Undefined Weak Reference
    __alloca_initialize                       - Undefined Weak Reference
    __arm_preinit_                            - Undefined Weak Reference
    __cpp_initialize__aeabi_                  - Undefined Weak Reference
    __cxa_finalize                            - Undefined Weak Reference
    __rt_locale                               - Undefined Weak Reference
    __sigvec_lookup                           - Undefined Weak Reference
    _atexit_init                              - Undefined Weak Reference
    _call_atexit_fns                          - Undefined Weak Reference
    _clock_init                               - Undefined Weak Reference
    _fp_trap_init                             - Undefined Weak Reference
    _fp_trap_shutdown                         - Undefined Weak Reference
    _get_lc_collate                           - Undefined Weak Reference
    _get_lc_ctype                             - Undefined Weak Reference
    _get_lc_monetary                          - Undefined Weak Reference
    _get_lc_numeric                           - Undefined Weak Reference
    _get_lc_time                              - Undefined Weak Reference
    _getenv_init                              - Undefined Weak Reference
    _handle_redirection                       - Undefined Weak Reference
    _init_alloc                               - Undefined Weak Reference
    _init_user_alloc                          - Undefined Weak Reference
    _initio                                   - Undefined Weak Reference
    _rand_init                                - Undefined Weak Reference
    _signal_finish                            - Undefined Weak Reference
    _signal_init                              - Undefined Weak Reference
    _terminate_alloc                          - Undefined Weak Reference
    _terminate_user_alloc                     - Undefined Weak Reference
    _terminateio                              - Undefined Weak Reference
    __Vectors_Size                           0x000000ec   Number         0  startup_stm32f10x_md.o ABSOLUTE
    __Vectors                                0x08000000   Data           4  startup_stm32f10x_md.o(RESET)
    __Vectors_End                            0x080000ec   Data           0  startup_stm32f10x_md.o(RESET)
    __main                                   0x080000ed   Thumb Code     8  __main.o(!!!main)
    __scatterload                            0x080000f5   Thumb Code     0  __scatter.o(!!!scatter)
    __scatterload_rt2                        0x080000f5   Thumb Code    44  __scatter.o(!!!scatter)
    __scatterload_rt2_thumb_only             0x080000f5   Thumb Code     0  __scatter.o(!!!scatter)
    __scatterload_null                       0x08000103   Thumb Code     0  __scatter.o(!!!scatter)
    __scatterload_copy                       0x08000129   Thumb Code    26  __scatter_copy.o(!!handler_copy)
    __scatterload_zeroinit                   0x08000145   Thumb Code    28  __scatter_zi.o(!!handler_zi)
    __rt_lib_init                            0x08000161   Thumb Code     0  libinit.o(.ARM.Collect$$libinit$$00000000)
    __rt_lib_init_alloca_1                   0x08000163   Thumb Code     0  libinit2.o(.ARM.Collect$$libinit$$0000002E)
    __rt_lib_init_argv_1                     0x08000163   Thumb Code     0  libinit2.o(.ARM.Collect$$libinit$$0000002C)
    __rt_lib_init_atexit_1                   0x08000163   Thumb Code     0  libinit2.o(.ARM.Collect$$libinit$$0000001B)
    __rt_lib_init_clock_1                    0x08000163   Thumb Code     0  libinit2.o(.ARM.Collect$$libinit$$00000021)
    __rt_lib_init_cpp_1                      0x08000163   Thumb Code     0  libinit2.o(.ARM.Collect$$libinit$$00000032)
    __rt_lib_init_exceptions_1               0x08000163   Thumb Code     0  libinit2.o(.ARM.Collect$$libinit$$00000030)
    __rt_lib_init_fp_1                       0x08000163   Thumb Code     0  libinit2.o(.ARM.Collect$$libinit$$00000002)
    __rt_lib_init_fp_trap_1                  0x08000163   Thumb Code     0  libinit2.o(.ARM.Collect$$libinit$$0000001F)
    __rt_lib_init_getenv_1                   0x08000163   Thumb Code     0  libinit2.o(.ARM.Collect$$libinit$$00000023)
    __rt_lib_init_heap_1                     0x08000163   Thumb Code     0  libinit2.o(.ARM.Collect$$libinit$$0000000A)
    __rt_lib_init_lc_collate_1               0x08000163   Thumb Code     0  libinit2.o(.ARM.Collect$$libinit$$00000011)
    __rt_lib_init_lc_ctype_1                 0x08000163   Thumb Code     0  libinit2.o(.ARM.Collect$$libinit$$00000013)
    __rt_lib_init_lc_monetary_1              0x08000163   Thumb Code     0  libinit2.o(.ARM.Collect$$libinit$$00000015)
    __rt_lib_init_lc_numeric_1               0x08000163   Thumb Code     0  libinit2.o(.ARM.Collect$$libinit$$00000017)
    __rt_lib_init_lc_time_1                  0x08000163   Thumb Code     0  libinit2.o(.ARM.Collect$$libinit$$00000019)
    __rt_lib_init_preinit_1                  0x08000163   Thumb Code     0  libinit2.o(.ARM.Collect$$libinit$$00000004)
    __rt_lib_init_rand_1                     0x08000163   Thumb Code     0  libinit2.o(.ARM.Collect$$libinit$$0000000E)
    __rt_lib_init_return                     0x08000163   Thumb Code     0  libinit2.o(.ARM.Collect$$libinit$$00000033)
    __rt_lib_init_signal_1                   0x08000163   Thumb Code     0  libinit2.o(.ARM.Collect$$libinit$$0000001D)
    __rt_lib_init_stdio_1                    0x08000163   Thumb Code     0  libinit2.o(.ARM.Collect$$libinit$$00000025)
    __rt_lib_init_user_alloc_1               0x08000163   Thumb Code     0  libinit2.o(.ARM.Collect$$libinit$$0000000C)
    __rt_lib_shutdown                        0x08000165   Thumb Code     0  libshutdown.o(.ARM.Collect$$libshutdown$$00000000)
    __rt_lib_shutdown_fp_trap_1              0x08000167   Thumb Code     0  libshutdown2.o(.ARM.Collect$$libshutdown$$00000006)
    __rt_lib_shutdown_heap_1                 0x08000167   Thumb Code     0  libshutdown2.o(.ARM.Collect$$libshutdown$$0000000E)
    __rt_lib_shutdown_return                 0x08000167   Thumb Code     0  libshutdown2.o(.ARM.Collect$$libshutdown$$0000000F)
    __rt_lib_shutdown_signal_1               0x08000167   Thumb Code     0  libshutdown2.o(.ARM.Collect$$libshutdown$$00000009)
    __rt_lib_shutdown_stdio_1                0x08000167   Thumb Code     0  libshutdown2.o(.ARM.Collect$$libshutdown$$00000003)
    __rt_lib_shutdown_user_alloc_1           0x08000167   Thumb Code     0  libshutdown2.o(.ARM.Collect$$libshutdown$$0000000B)
    __rt_entry                               0x08000169   Thumb Code     0  __rtentry.o(.ARM.Collect$$rtentry$$00000000)
    __rt_entry_presh_1                       0x08000169   Thumb Code     0  __rtentry2.o(.ARM.Collect$$rtentry$$00000002)
    __rt_entry_sh                            0x08000169   Thumb Code     0  __rtentry4.o(.ARM.Collect$$rtentry$$00000004)
    __rt_entry_li                            0x0800016f   Thumb Code     0  __rtentry2.o(.ARM.Collect$$rtentry$$0000000A)
    __rt_entry_postsh_1                      0x0800016f   Thumb Code     0  __rtentry2.o(.ARM.Collect$$rtentry$$00000009)
    __rt_entry_main                          0x08000173   Thumb Code     0  __rtentry2.o(.ARM.Collect$$rtentry$$0000000D)
    __rt_entry_postli_1                      0x08000173   Thumb Code     0  __rtentry2.o(.ARM.Collect$$rtentry$$0000000C)
    __rt_exit                                0x0800017b   Thumb Code     0  rtexit.o(.ARM.Collect$$rtexit$$00000000)
    __rt_exit_ls                             0x0800017d   Thumb Code     0  rtexit2.o(.ARM.Collect$$rtexit$$00000003)
    __rt_exit_prels_1                        0x0800017d   Thumb Code     0  rtexit2.o(.ARM.Collect$$rtexit$$00000002)
    __rt_exit_exit                           0x08000181   Thumb Code     0  rtexit2.o(.ARM.Collect$$rtexit$$00000004)
    vPortSVCHandler                          0x08000189   Thumb Code    32  port.o(.emb_text)
    __asm___6_port_c_39a90d8d__prvStartFirstTask 0x080001ad   Thumb Code    28  port.o(.emb_text)
    xPortPendSVHandler                       0x080001cd   Thumb Code    64  port.o(.emb_text)
    ulPortSetInterruptMask                   0x08000211   Thumb Code    14  port.o(.emb_text)
    vPortClearInterruptMask                  0x0800021f   Thumb Code     6  port.o(.emb_text)
    vPortGetIPSR                             0x08000225   Thumb Code     6  port.o(.emb_text)
    Reset_Handler                            0x0800022d   Thumb Code     8  startup_stm32f10x_md.o(.text)
    ADC1_2_IRQHandler                        0x08000247   Thumb Code     0  startup_stm32f10x_md.o(.text)
    CAN1_RX1_IRQHandler                      0x08000247   Thumb Code     0  startup_stm32f10x_md.o(.text)
    CAN1_SCE_IRQHandler                      0x08000247   Thumb Code     0  startup_stm32f10x_md.o(.text)
    DMA1_Channel1_IRQHandler                 0x08000247   Thumb Code     0  startup_stm32f10x_md.o(.text)
    DMA1_Channel2_IRQHandler                 0x08000247   Thumb Code     0  startup_stm32f10x_md.o(.text)
    DMA1_Channel3_IRQHandler                 0x08000247   Thumb Code     0  startup_stm32f10x_md.o(.text)
    DMA1_Channel4_IRQHandler                 0x08000247   Thumb Code     0  startup_stm32f10x_md.o(.text)
    DMA1_Channel5_IRQHandler                 0x08000247   Thumb Code     0  startup_stm32f10x_md.o(.text)
    DMA1_Channel6_IRQHandler                 0x08000247   Thumb Code     0  startup_stm32f10x_md.o(.text)
    DMA1_Channel7_IRQHandler                 0x08000247   Thumb Code     0  startup_stm32f10x_md.o(.text)
    EXTI0_IRQHandler                         0x08000247   Thumb Code     0  startup_stm32f10x_md.o(.text)
    EXTI15_10_IRQHandler                     0x08000247   Thumb Code     0  startup_stm32f10x_md.o(.text)
    EXTI1_IRQHandler                         0x08000247   Thumb Code     0  startup_stm32f10x_md.o(.text)
    EXTI2_IRQHandler                         0x08000247   Thumb Code     0  startup_stm32f10x_md.o(.text)
    EXTI3_IRQHandler                         0x08000247   Thumb Code     0  startup_stm32f10x_md.o(.text)
    EXTI4_IRQHandler                         0x08000247   Thumb Code     0  startup_stm32f10x_md.o(.text)
    EXTI9_5_IRQHandler                       0x08000247   Thumb Code     0  startup_stm32f10x_md.o(.text)
    FLASH_IRQHandler                         0x08000247   Thumb Code     0  startup_stm32f10x_md.o(.text)
    I2C1_ER_IRQHandler                       0x08000247   Thumb Code     0  startup_stm32f10x_md.o(.text)
    I2C1_EV_IRQHandler                       0x08000247   Thumb Code     0  startup_stm32f10x_md.o(.text)
    I2C2_ER_IRQHandler                       0x08000247   Thumb Code     0  startup_stm32f10x_md.o(.text)
    I2C2_EV_IRQHandler                       0x08000247   Thumb Code     0  startup_stm32f10x_md.o(.text)
    PVD_IRQHandler                           0x08000247   Thumb Code     0  startup_stm32f10x_md.o(.text)
    RCC_IRQHandler                           0x08000247   Thumb Code     0  startup_stm32f10x_md.o(.text)
    RTCAlarm_IRQHandler                      0x08000247   Thumb Code     0  startup_stm32f10x_md.o(.text)
    RTC_IRQHandler                           0x08000247   Thumb Code     0  startup_stm32f10x_md.o(.text)
    SPI1_IRQHandler                          0x08000247   Thumb Code     0  startup_stm32f10x_md.o(.text)
    SPI2_IRQHandler                          0x08000247   Thumb Code     0  startup_stm32f10x_md.o(.text)
    TAMPER_IRQHandler                        0x08000247   Thumb Code     0  startup_stm32f10x_md.o(.text)
    TIM1_BRK_IRQHandler                      0x08000247   Thumb Code     0  startup_stm32f10x_md.o(.text)
    TIM1_CC_IRQHandler                       0x08000247   Thumb Code     0  startup_stm32f10x_md.o(.text)
    TIM1_TRG_COM_IRQHandler                  0x08000247   Thumb Code     0  startup_stm32f10x_md.o(.text)
    TIM1_UP_IRQHandler                       0x08000247   Thumb Code     0  startup_stm32f10x_md.o(.text)
    TIM2_IRQHandler                          0x08000247   Thumb Code     0  startup_stm32f10x_md.o(.text)
    TIM3_IRQHandler                          0x08000247   Thumb Code     0  startup_stm32f10x_md.o(.text)
    TIM4_IRQHandler                          0x08000247   Thumb Code     0  startup_stm32f10x_md.o(.text)
    USART1_IRQHandler                        0x08000247   Thumb Code     0  startup_stm32f10x_md.o(.text)
    USART2_IRQHandler                        0x08000247   Thumb Code     0  startup_stm32f10x_md.o(.text)
    USBWakeUp_IRQHandler                     0x08000247   Thumb Code     0  startup_stm32f10x_md.o(.text)
    USB_HP_CAN1_TX_IRQHandler                0x08000247   Thumb Code     0  startup_stm32f10x_md.o(.text)
    WWDG_IRQHandler                          0x08000247   Thumb Code     0  startup_stm32f10x_md.o(.text)
    __user_initial_stackheap                 0x08000249   Thumb Code     0  startup_stm32f10x_md.o(.text)
    strlen                                   0x0800026d   Thumb Code    62  strlen.o(.text)
    __aeabi_memcpy                           0x080002ab   Thumb Code     0  rt_memcpy_v6.o(.text)
    __rt_memcpy                              0x080002ab   Thumb Code   138  rt_memcpy_v6.o(.text)
    _memcpy_lastbytes                        0x08000311   Thumb Code     0  rt_memcpy_v6.o(.text)
    strcmp                                   0x08000335   Thumb Code   128  strcmpv7m.o(.text)
    __use_two_region_memory                  0x080003b5   Thumb Code     2  heapauxi.o(.text)
    __rt_heap_escrow$2region                 0x080003b7   Thumb Code     2  heapauxi.o(.text)
    __rt_heap_expand$2region                 0x080003b9   Thumb Code     2  heapauxi.o(.text)
    __read_errno                             0x080003bb   Thumb Code    10  _rserrno.o(.text)
    __set_errno                              0x080003c5   Thumb Code    12  _rserrno.o(.text)
    __aeabi_memcpy4                          0x080003d1   Thumb Code     0  rt_memcpy_w.o(.text)
    __aeabi_memcpy8                          0x080003d1   Thumb Code     0  rt_memcpy_w.o(.text)
    __rt_memcpy_w                            0x080003d1   Thumb Code   100  rt_memcpy_w.o(.text)
    _memcpy_lastbytes_aligned                0x08000419   Thumb Code     0  rt_memcpy_w.o(.text)
    __aeabi_errno_addr                       0x08000435   Thumb Code     8  rt_errno_addr_intlibspace.o(.text)
    __errno$intlibspace                      0x08000435   Thumb Code     0  rt_errno_addr_intlibspace.o(.text)
    __rt_errno_addr$intlibspace              0x08000435   Thumb Code     0  rt_errno_addr_intlibspace.o(.text)
    __user_libspace                          0x0800043d   Thumb Code     8  libspace.o(.text)
    __user_perproc_libspace                  0x0800043d   Thumb Code     0  libspace.o(.text)
    __user_perthread_libspace                0x0800043d   Thumb Code     0  libspace.o(.text)
    __user_setup_stackheap                   0x08000445   Thumb Code    74  sys_stackheap_outer.o(.text)
    exit                                     0x0800048f   Thumb Code    12  exit.o(.text)
    _sys_exit                                0x0800049d   Thumb Code     8  sys_exit.o(.text)
    __I$use$semihosting                      0x080004a9   Thumb Code     0  use_no_semi.o(.text)
    __use_no_semihosting_swi                 0x080004a9   Thumb Code     2  use_no_semi.o(.text)
    BusFault_Handler                         0x080004ab   Thumb Code     4  stm32f10x_it.o(i.BusFault_Handler)
    __semihosting_library_function           0x080004ab   Thumb Code     0  indicate_semi.o(.text)
    CAN_ClearFlag                            0x080004b1   Thumb Code    52  stm32f10x_can.o(i.CAN_ClearFlag)
    CAN_Configuration                        0x080004e9   Thumb Code   222  can.o(i.CAN_Configuration)
    CAN_DeInit                               0x080005d9   Thumb Code    50  stm32f10x_can.o(i.CAN_DeInit)
    CAN_GetITStatus                          0x08000611   Thumb Code   284  stm32f10x_can.o(i.CAN_GetITStatus)
    CAN_ITConfig                             0x08000731   Thumb Code    18  stm32f10x_can.o(i.CAN_ITConfig)
    CAN_Init                                 0x08000743   Thumb Code   276  stm32f10x_can.o(i.CAN_Init)
    CAN_Receive                              0x08000857   Thumb Code   240  stm32f10x_can.o(i.CAN_Receive)
    CAN_Transmit                             0x08000947   Thumb Code   294  stm32f10x_can.o(i.CAN_Transmit)
    CAN_send                                 0x08000a6d   Thumb Code    70  can.o(i.CAN_send)
    CLITask                                  0x08000abd   Thumb Code    72  sci.o(i.CLITask)
    DebugMon_Handler                         0x08000b5b   Thumb Code     2  stm32f10x_it.o(i.DebugMon_Handler)
    GPIO_Init                                0x08000b5d   Thumb Code   278  stm32f10x_gpio.o(i.GPIO_Init)
    GPIO_PinRemapConfig                      0x08000c75   Thumb Code   138  stm32f10x_gpio.o(i.GPIO_PinRemapConfig)
    GPIO_WriteBit                            0x08000d05   Thumb Code    10  stm32f10x_gpio.o(i.GPIO_WriteBit)
    HardFault_Handler                        0x08000d0f   Thumb Code     4  stm32f10x_it.o(i.HardFault_Handler)
    LED_Configuration                        0x08000d15   Thumb Code    40  led.o(i.LED_Configuration)
    LedOff                                   0x08000d41   Thumb Code    58  led.o(i.LedOff)
    LedOn                                    0x08000d85   Thumb Code   112  led.o(i.LedOn)
    MemManage_Handler                        0x08000df9   Thumb Code     4  stm32f10x_it.o(i.MemManage_Handler)
    NMI_Handler                              0x08000dfd   Thumb Code     2  stm32f10x_it.o(i.NMI_Handler)
    NVIC_Init                                0x08000e01   Thumb Code   100  misc.o(i.NVIC_Init)
    RCC_APB1PeriphClockCmd                   0x08000e71   Thumb Code    26  stm32f10x_rcc.o(i.RCC_APB1PeriphClockCmd)
    RCC_APB1PeriphResetCmd                   0x08000e91   Thumb Code    26  stm32f10x_rcc.o(i.RCC_APB1PeriphResetCmd)
    RCC_APB2PeriphClockCmd                   0x08000eb1   Thumb Code    26  stm32f10x_rcc.o(i.RCC_APB2PeriphClockCmd)
    RCC_APB2PeriphResetCmd                   0x08000ed1   Thumb Code    26  stm32f10x_rcc.o(i.RCC_APB2PeriphResetCmd)
    RCC_GetClocksFreq                        0x08000ef1   Thumb Code   192  stm32f10x_rcc.o(i.RCC_GetClocksFreq)
    ReceiveData                              0x08000fc5   Thumb Code    30  can.o(i.ReceiveData)
    SystemInit                               0x080010d5   Thumb Code    78  system_stm32f10x.o(i.SystemInit)
    USART3_IRQHandler                        0x08001135   Thumb Code   108  sci.o(i.USART3_IRQHandler)
    USART_ClearITPendingBit                  0x080011a9   Thumb Code    30  stm32f10x_usart.o(i.USART_ClearITPendingBit)
    USART_Cmd                                0x080011c7   Thumb Code    24  stm32f10x_usart.o(i.USART_Cmd)
    USART_DeInit                             0x080011e1   Thumb Code   134  stm32f10x_usart.o(i.USART_DeInit)
    USART_ITConfig                           0x0800127d   Thumb Code    74  stm32f10x_usart.o(i.USART_ITConfig)
    USART_Init                               0x080012c9   Thumb Code   210  stm32f10x_usart.o(i.USART_Init)
    USB_LP_CAN1_RX0_IRQHandler               0x080013a1   Thumb Code    52  can.o(i.USB_LP_CAN1_RX0_IRQHandler)
    UsageFault_Handler                       0x080013e1   Thumb Code     4  stm32f10x_it.o(i.UsageFault_Handler)
    __ARM_fpclassify                         0x080013e5   Thumb Code    40  fpclassify.o(i.__ARM_fpclassify)
    __kernel_poly                            0x0800140d   Thumb Code   170  poly.o(i.__kernel_poly)
    __mathlib_dbl_divzero                    0x080014b9   Thumb Code    12  dunder.o(i.__mathlib_dbl_divzero)
    __mathlib_dbl_infnan2                    0x080014c9   Thumb Code     4  dunder.o(i.__mathlib_dbl_infnan2)
    __mathlib_dbl_invalid                    0x080014cd   Thumb Code    12  dunder.o(i.__mathlib_dbl_invalid)
    __mathlib_dbl_overflow                   0x080014d9   Thumb Code    14  dunder.o(i.__mathlib_dbl_overflow)
    __mathlib_dbl_underflow                  0x080014e9   Thumb Code    10  dunder.o(i.__mathlib_dbl_underflow)
    canTestTask                              0x080014f9   Thumb Code    32  can.o(i.canTestTask)
    checkNumbers                             0x08001519   Thumb Code    86  cli_1.o(i.checkNumbers)
    cmdlen                                   0x0800156f   Thumb Code    24  cli_1.o(i.cmdlen)
    findCommandInList                        0x08001589   Thumb Code   290  cli_1.o(i.findCommandInList)
    int2String                               0x080016d5   Thumb Code   158  sci.o(i.int2String)
    ledTask                                  0x08001775   Thumb Code   120  led.o(i.ledTask)
    main                                     0x080017f9   Thumb Code    46  main.o(i.main)
    pow                                      0x0800183d   Thumb Code  2478  pow.o(i.pow)
    pvPortMalloc                             0x08002591   Thumb Code   166  heap_2.o(i.pvPortMalloc)
    pxPortInitialiseStack                    0x08002649   Thumb Code    26  port.o(i.pxPortInitialiseStack)
    sciConfiguration                         0x08002669   Thumb Code   204  sci.o(i.sciConfiguration)
    sciSendChar                              0x08002745   Thumb Code    18  sci.o(i.sciSendChar)
    sciSendString                            0x08002757   Thumb Code    26  sci.o(i.sciSendString)
    sciSendTask                              0x08002771   Thumb Code    96  sci.o(i.sciSendTask)
    sqrt                                     0x080027dd   Thumb Code    76  sqrt.o(i.sqrt)
    startTask                                0x08002829   Thumb Code   116  main.o(i.startTask)
    string2number                            0x080028d5   Thumb Code   758  cli_1.o(i.string2number)
    uxListRemove                             0x08002c11   Thumb Code    40  list.o(i.uxListRemove)
    vListInitialise                          0x08002c39   Thumb Code    26  list.o(i.vListInitialise)
    vListInitialiseItem                      0x08002c53   Thumb Code     6  list.o(i.vListInitialiseItem)
    vListInsert                              0x08002c59   Thumb Code    52  list.o(i.vListInsert)
    vListInsertEnd                           0x08002c8d   Thumb Code    24  list.o(i.vListInsertEnd)
    vPortEnterCritical                       0x08002ca5   Thumb Code    26  port.o(i.vPortEnterCritical)
    vPortExitCritical                        0x08002cc5   Thumb Code    26  port.o(i.vPortExitCritical)
    vPortFree                                0x08002ce5   Thumb Code    56  heap_2.o(i.vPortFree)
    vPortSetupTimerInterrupt                 0x08002d25   Thumb Code    14  port.o(i.vPortSetupTimerInterrupt)
    vPortYield                               0x08002d39   Thumb Code    18  port.o(i.vPortYield)
    vTaskDelay                               0x08002d51   Thumb Code    72  tasks.o(i.vTaskDelay)
    vTaskDelete                              0x08002da5   Thumb Code   138  tasks.o(i.vTaskDelete)
    vTaskMissedYield                         0x08002e4d   Thumb Code     8  tasks.o(i.vTaskMissedYield)
    vTaskPlaceOnEventList                    0x08002e59   Thumb Code    84  tasks.o(i.vTaskPlaceOnEventList)
    vTaskSetTimeOutState                     0x08002ebd   Thumb Code    14  tasks.o(i.vTaskSetTimeOutState)
    vTaskStartScheduler                      0x08002ed5   Thumb Code    52  tasks.o(i.vTaskStartScheduler)
    vTaskSuspendAll                          0x08002f1d   Thumb Code    12  tasks.o(i.vTaskSuspendAll)
    vTaskSwitchContext                       0x08002f2d   Thumb Code    76  tasks.o(i.vTaskSwitchContext)
    xPortStartScheduler                      0x08002f8d   Thumb Code    42  port.o(i.xPortStartScheduler)
    xPortSysTickHandler                      0x08002fc1   Thumb Code    28  port.o(i.xPortSysTickHandler)
    xQueueGenericCreate                      0x08002fe1   Thumb Code    72  queue.o(i.xQueueGenericCreate)
    xQueueGenericReceive                     0x08003029   Thumb Code   254  queue.o(i.xQueueGenericReceive)
    xQueueGenericReset                       0x08003127   Thumb Code   110  queue.o(i.xQueueGenericReset)
    xQueueGenericSend                        0x08003195   Thumb Code   234  queue.o(i.xQueueGenericSend)
    xTaskCheckForTimeOut                     0x08003281   Thumb Code    84  tasks.o(i.xTaskCheckForTimeOut)
    xTaskGenericCreate                       0x080032dd   Thumb Code   226  tasks.o(i.xTaskGenericCreate)
    xTaskIncrementTick                       0x080033d9   Thumb Code   242  tasks.o(i.xTaskIncrementTick)
    xTaskRemoveFromEventList                 0x080034f9   Thumb Code   104  tasks.o(i.xTaskRemoveFromEventList)
    xTaskResumeAll                           0x08003579   Thumb Code   186  tasks.o(i.xTaskResumeAll)
    __aeabi_d2f                              0x08003655   Thumb Code     0  d2f.o(x$fpl$d2f)
    _d2f                                     0x08003655   Thumb Code    98  d2f.o(x$fpl$d2f)
    __aeabi_dadd                             0x080036b9   Thumb Code     0  daddsub_clz.o(x$fpl$dadd)
    _dadd                                    0x080036b9   Thumb Code   332  daddsub_clz.o(x$fpl$dadd)
    __fpl_dcheck_NaN1                        0x08003809   Thumb Code    10  dcheck1.o(x$fpl$dcheck1)
    __fpl_dcmp_Inf                           0x08003819   Thumb Code    24  dcmpi.o(x$fpl$dcmpinf)
    __aeabi_ddiv                             0x08003831   Thumb Code     0  ddiv.o(x$fpl$ddiv)
    _ddiv                                    0x08003831   Thumb Code   552  ddiv.o(x$fpl$ddiv)
    __aeabi_i2d                              0x08003ae1   Thumb Code     0  dflt_clz.o(x$fpl$dflt)
    _dflt                                    0x08003ae1   Thumb Code    46  dflt_clz.o(x$fpl$dflt)
    __aeabi_cdcmple                          0x08003b11   Thumb Code     0  dleqf.o(x$fpl$dleqf)
    _dcmple                                  0x08003b11   Thumb Code   120  dleqf.o(x$fpl$dleqf)
    __fpl_dcmple_InfNaN                      0x08003b73   Thumb Code     0  dleqf.o(x$fpl$dleqf)
    __aeabi_dmul                             0x08003b89   Thumb Code     0  dmul.o(x$fpl$dmul)
    _dmul                                    0x08003b89   Thumb Code   332  dmul.o(x$fpl$dmul)
    __fpl_dnaninf                            0x08003cdd   Thumb Code   156  dnaninf.o(x$fpl$dnaninf)
    __fpl_dretinf                            0x08003d79   Thumb Code    12  dretinf.o(x$fpl$dretinf)
    __aeabi_cdrcmple                         0x08003d85   Thumb Code     0  drleqf.o(x$fpl$drleqf)
    _drcmple                                 0x08003d85   Thumb Code   108  drleqf.o(x$fpl$drleqf)
    __aeabi_drsub                            0x08003df1   Thumb Code     0  daddsub_clz.o(x$fpl$drsb)
    _drsb                                    0x08003df1   Thumb Code    22  daddsub_clz.o(x$fpl$drsb)
    _dsqrt                                   0x08003e09   Thumb Code   456  dsqrt_noumaal.o(x$fpl$dsqrt)
    __aeabi_dsub                             0x08003fd5   Thumb Code     0  daddsub_clz.o(x$fpl$dsub)
    _dsub                                    0x08003fd5   Thumb Code   464  daddsub_clz.o(x$fpl$dsub)
    __aeabi_f2d                              0x080041a9   Thumb Code     0  f2d.o(x$fpl$f2d)
    _f2d                                     0x080041a9   Thumb Code    86  f2d.o(x$fpl$f2d)
    __aeabi_fadd                             0x08004201   Thumb Code     0  faddsub_clz.o(x$fpl$fadd)
    _fadd                                    0x08004201   Thumb Code   196  faddsub_clz.o(x$fpl$fadd)
    __fpl_fcmp_Inf                           0x080042c5   Thumb Code    24  fcmpi.o(x$fpl$fcmpinf)
    __aeabi_cfcmpeq                          0x080042dd   Thumb Code     0  feqf.o(x$fpl$feqf)
    _fcmpeq                                  0x080042dd   Thumb Code   104  feqf.o(x$fpl$feqf)
    __aeabi_f2iz                             0x08004345   Thumb Code     0  ffix.o(x$fpl$ffix)
    _ffix                                    0x08004345   Thumb Code    54  ffix.o(x$fpl$ffix)
    __aeabi_fmul                             0x0800437d   Thumb Code     0  fmul.o(x$fpl$fmul)
    _fmul                                    0x0800437d   Thumb Code   258  fmul.o(x$fpl$fmul)
    __fpl_fnaninf                            0x0800447f   Thumb Code   140  fnaninf.o(x$fpl$fnaninf)
    __fpl_fretinf                            0x0800450b   Thumb Code    10  fretinf.o(x$fpl$fretinf)
    __aeabi_fsub                             0x08004515   Thumb Code     0  faddsub_clz.o(x$fpl$fsub)
    _fsub                                    0x08004515   Thumb Code   234  faddsub_clz.o(x$fpl$fsub)
    __fpl_return_NaN                         0x080045ff   Thumb Code   100  retnan.o(x$fpl$retnan)
    __ARM_scalbn                             0x08004663   Thumb Code    92  scalbn.o(x$fpl$scalbn)
    __fpl_cmpreturn                          0x080046bf   Thumb Code    48  trapv.o(x$fpl$trapveneer)
    __I$use$fp                               0x080046ee   Number         0  usenofp.o(x$fpl$usenofp)
    __mathlib_zero                           0x08004778   Data           8  qnan.o(.constdata)
    Region$$Table$$Base                      0x08004780   Number         0  anon$$obj.o(Region$$Table)
    Region$$Table$$Limit                     0x080047a0   Number         0  anon$$obj.o(Region$$Table)
    ledTaskHandle                            0x20000000   Data           4  main.o(.data)
    sciTaskHandle                            0x20000004   Data           4  main.o(.data)
    CLITaskHandle                            0x20000008   Data           4  main.o(.data)
    pxCurrentTCB                             0x2000000c   Data           4  tasks.o(.data)
    temp                                     0x20000074   Data           4  can.o(.data)
    ledColour                                0x20000078   Data           4  led.o(.data)
    ledState                                 0x2000007c   Data           4  led.o(.data)
    ledDelay                                 0x20000080   Data           4  led.o(.data)
    bMessage                                 0x20000084   Data           4  sci.o(.data)
    TxMessage                                0x20004550   Data          20  can.o(.bss)
    RxMessage                                0x20004564   Data          20  can.o(.bss)
    cmdBuf                                   0x20004578   Data          28  sci.o(.bss)
    __libspace_start                         0x20004594   Data          96  libspace.o(.bss)
    __temporary_stack_top$libspace           0x200045f4   Data           0  libspace.o(.bss)



==============================================================================

Memory Map of the image

  Image Entry point : 0x080000ed

  Load Region LR_IROM1 (Base: 0x08000000, Size: 0x00004828, Max: 0x00020000, ABSOLUTE)

    Execution Region ER_IROM1 (Base: 0x08000000, Size: 0x000047a0, Max: 0x00020000, ABSOLUTE)

    Base Addr    Size         Type   Attr      Idx    E Section Name        Object

    0x08000000   0x000000ec   Data   RO          451    RESET               startup_stm32f10x_md.o
    0x080000ec   0x00000008   Code   RO         2717  * !!!main             c_w.l(__main.o)
    0x080000f4   0x00000034   Code   RO         2994    !!!scatter          c_w.l(__scatter.o)
    0x08000128   0x0000001a   Code   RO         2996    !!handler_copy      c_w.l(__scatter_copy.o)
    0x08000142   0x00000002   PAD
    0x08000144   0x0000001c   Code   RO         2998    !!handler_zi        c_w.l(__scatter_zi.o)
    0x08000160   0x00000002   Code   RO         2864    .ARM.Collect$$libinit$$00000000  c_w.l(libinit.o)
    0x08000162   0x00000000   Code   RO         2870    .ARM.Collect$$libinit$$00000002  c_w.l(libinit2.o)
    0x08000162   0x00000000   Code   RO         2872    .ARM.Collect$$libinit$$00000004  c_w.l(libinit2.o)
    0x08000162   0x00000000   Code   RO         2875    .ARM.Collect$$libinit$$0000000A  c_w.l(libinit2.o)
    0x08000162   0x00000000   Code   RO         2877    .ARM.Collect$$libinit$$0000000C  c_w.l(libinit2.o)
    0x08000162   0x00000000   Code   RO         2879    .ARM.Collect$$libinit$$0000000E  c_w.l(libinit2.o)
    0x08000162   0x00000000   Code   RO         2882    .ARM.Collect$$libinit$$00000011  c_w.l(libinit2.o)
    0x08000162   0x00000000   Code   RO         2884    .ARM.Collect$$libinit$$00000013  c_w.l(libinit2.o)
    0x08000162   0x00000000   Code   RO         2886    .ARM.Collect$$libinit$$00000015  c_w.l(libinit2.o)
    0x08000162   0x00000000   Code   RO         2888    .ARM.Collect$$libinit$$00000017  c_w.l(libinit2.o)
    0x08000162   0x00000000   Code   RO         2890    .ARM.Collect$$libinit$$00000019  c_w.l(libinit2.o)
    0x08000162   0x00000000   Code   RO         2892    .ARM.Collect$$libinit$$0000001B  c_w.l(libinit2.o)
    0x08000162   0x00000000   Code   RO         2894    .ARM.Collect$$libinit$$0000001D  c_w.l(libinit2.o)
    0x08000162   0x00000000   Code   RO         2896    .ARM.Collect$$libinit$$0000001F  c_w.l(libinit2.o)
    0x08000162   0x00000000   Code   RO         2898    .ARM.Collect$$libinit$$00000021  c_w.l(libinit2.o)
    0x08000162   0x00000000   Code   RO         2900    .ARM.Collect$$libinit$$00000023  c_w.l(libinit2.o)
    0x08000162   0x00000000   Code   RO         2902    .ARM.Collect$$libinit$$00000025  c_w.l(libinit2.o)
    0x08000162   0x00000000   Code   RO         2906    .ARM.Collect$$libinit$$0000002C  c_w.l(libinit2.o)
    0x08000162   0x00000000   Code   RO         2908    .ARM.Collect$$libinit$$0000002E  c_w.l(libinit2.o)
    0x08000162   0x00000000   Code   RO         2910    .ARM.Collect$$libinit$$00000030  c_w.l(libinit2.o)
    0x08000162   0x00000000   Code   RO         2912    .ARM.Collect$$libinit$$00000032  c_w.l(libinit2.o)
    0x08000162   0x00000002   Code   RO         2913    .ARM.Collect$$libinit$$00000033  c_w.l(libinit2.o)
    0x08000164   0x00000002   Code   RO         2935    .ARM.Collect$$libshutdown$$00000000  c_w.l(libshutdown.o)
    0x08000166   0x00000000   Code   RO         2949    .ARM.Collect$$libshutdown$$00000003  c_w.l(libshutdown2.o)
    0x08000166   0x00000000   Code   RO         2952    .ARM.Collect$$libshutdown$$00000006  c_w.l(libshutdown2.o)
    0x08000166   0x00000000   Code   RO         2955    .ARM.Collect$$libshutdown$$00000009  c_w.l(libshutdown2.o)
    0x08000166   0x00000000   Code   RO         2957    .ARM.Collect$$libshutdown$$0000000B  c_w.l(libshutdown2.o)
    0x08000166   0x00000000   Code   RO         2960    .ARM.Collect$$libshutdown$$0000000E  c_w.l(libshutdown2.o)
    0x08000166   0x00000002   Code   RO         2961    .ARM.Collect$$libshutdown$$0000000F  c_w.l(libshutdown2.o)
    0x08000168   0x00000000   Code   RO         2775    .ARM.Collect$$rtentry$$00000000  c_w.l(__rtentry.o)
    0x08000168   0x00000000   Code   RO         2827    .ARM.Collect$$rtentry$$00000002  c_w.l(__rtentry2.o)
    0x08000168   0x00000006   Code   RO         2839    .ARM.Collect$$rtentry$$00000004  c_w.l(__rtentry4.o)
    0x0800016e   0x00000000   Code   RO         2829    .ARM.Collect$$rtentry$$00000009  c_w.l(__rtentry2.o)
    0x0800016e   0x00000004   Code   RO         2830    .ARM.Collect$$rtentry$$0000000A  c_w.l(__rtentry2.o)
    0x08000172   0x00000000   Code   RO         2832    .ARM.Collect$$rtentry$$0000000C  c_w.l(__rtentry2.o)
    0x08000172   0x00000008   Code   RO         2833    .ARM.Collect$$rtentry$$0000000D  c_w.l(__rtentry2.o)
    0x0800017a   0x00000002   Code   RO         2867    .ARM.Collect$$rtexit$$00000000  c_w.l(rtexit.o)
    0x0800017c   0x00000000   Code   RO         2917    .ARM.Collect$$rtexit$$00000002  c_w.l(rtexit2.o)
    0x0800017c   0x00000004   Code   RO         2918    .ARM.Collect$$rtexit$$00000003  c_w.l(rtexit2.o)
    0x08000180   0x00000006   Code   RO         2919    .ARM.Collect$$rtexit$$00000004  c_w.l(rtexit2.o)
    0x08000186   0x00000002   PAD
    0x08000188   0x000000a2   Code   RO          959    .emb_text           port.o
    0x0800022a   0x00000002   PAD
    0x0800022c   0x00000040   Code   RO          452    .text               startup_stm32f10x_md.o
    0x0800026c   0x0000003e   Code   RO         2709    .text               c_w.l(strlen.o)
    0x080002aa   0x0000008a   Code   RO         2711    .text               c_w.l(rt_memcpy_v6.o)
    0x08000334   0x00000080   Code   RO         2713    .text               c_w.l(strcmpv7m.o)
    0x080003b4   0x00000006   Code   RO         2715    .text               c_w.l(heapauxi.o)
    0x080003ba   0x00000016   Code   RO         2776    .text               c_w.l(_rserrno.o)
    0x080003d0   0x00000064   Code   RO         2778    .text               c_w.l(rt_memcpy_w.o)
    0x08000434   0x00000008   Code   RO         2844    .text               c_w.l(rt_errno_addr_intlibspace.o)
    0x0800043c   0x00000008   Code   RO         2852    .text               c_w.l(libspace.o)
    0x08000444   0x0000004a   Code   RO         2855    .text               c_w.l(sys_stackheap_outer.o)
    0x0800048e   0x0000000c   Code   RO         2857    .text               c_w.l(exit.o)
    0x0800049a   0x00000002   PAD
    0x0800049c   0x0000000c   Code   RO         2927    .text               c_w.l(sys_exit.o)
    0x080004a8   0x00000002   Code   RO         2938    .text               c_w.l(use_no_semi.o)
    0x080004aa   0x00000000   Code   RO         2940    .text               c_w.l(indicate_semi.o)
    0x080004aa   0x00000004   Code   RO          352    i.BusFault_Handler  stm32f10x_it.o
    0x080004ae   0x00000002   PAD
    0x080004b0   0x00000038   Code   RO         1321    i.CAN_ClearFlag     stm32f10x_can.o
    0x080004e8   0x000000f0   Code   RO         2517    i.CAN_Configuration  can.o
    0x080005d8   0x00000038   Code   RO         1324    i.CAN_DeInit        stm32f10x_can.o
    0x08000610   0x00000120   Code   RO         1328    i.CAN_GetITStatus   stm32f10x_can.o
    0x08000730   0x00000012   Code   RO         1332    i.CAN_ITConfig      stm32f10x_can.o
    0x08000742   0x00000114   Code   RO         1333    i.CAN_Init          stm32f10x_can.o
    0x08000856   0x000000f0   Code   RO         1336    i.CAN_Receive       stm32f10x_can.o
    0x08000946   0x00000126   Code   RO         1341    i.CAN_Transmit      stm32f10x_can.o
    0x08000a6c   0x00000050   Code   RO         2518    i.CAN_send          can.o
    0x08000abc   0x0000008c   Code   RO         2621    i.CLITask           sci.o
    0x08000b48   0x00000012   Code   RO         1344    i.CheckITStatus     stm32f10x_can.o
    0x08000b5a   0x00000002   Code   RO          353    i.DebugMon_Handler  stm32f10x_it.o
    0x08000b5c   0x00000116   Code   RO         1481    i.GPIO_Init         stm32f10x_gpio.o
    0x08000c72   0x00000002   PAD
    0x08000c74   0x00000090   Code   RO         1483    i.GPIO_PinRemapConfig  stm32f10x_gpio.o
    0x08000d04   0x0000000a   Code   RO         1492    i.GPIO_WriteBit     stm32f10x_gpio.o
    0x08000d0e   0x00000004   Code   RO          354    i.HardFault_Handler  stm32f10x_it.o
    0x08000d12   0x00000002   PAD
    0x08000d14   0x0000002c   Code   RO         2563    i.LED_Configuration  led.o
    0x08000d40   0x00000044   Code   RO         2565    i.LedOff            led.o
    0x08000d84   0x00000074   Code   RO         2566    i.LedOn             led.o
    0x08000df8   0x00000004   Code   RO          355    i.MemManage_Handler  stm32f10x_it.o
    0x08000dfc   0x00000002   Code   RO          356    i.NMI_Handler       stm32f10x_it.o
    0x08000dfe   0x00000002   PAD
    0x08000e00   0x00000070   Code   RO         1062    i.NVIC_Init         misc.o
    0x08000e70   0x00000020   Code   RO         1591    i.RCC_APB1PeriphClockCmd  stm32f10x_rcc.o
    0x08000e90   0x00000020   Code   RO         1592    i.RCC_APB1PeriphResetCmd  stm32f10x_rcc.o
    0x08000eb0   0x00000020   Code   RO         1593    i.RCC_APB2PeriphClockCmd  stm32f10x_rcc.o
    0x08000ed0   0x00000020   Code   RO         1594    i.RCC_APB2PeriphResetCmd  stm32f10x_rcc.o
    0x08000ef0   0x000000d4   Code   RO         1601    i.RCC_GetClocksFreq  stm32f10x_rcc.o
    0x08000fc4   0x00000028   Code   RO         2519    i.ReceiveData       can.o
    0x08000fec   0x00000008   Code   RO          415    i.SetSysClock       system_stm32f10x.o
    0x08000ff4   0x000000e0   Code   RO          416    i.SetSysClockTo72   system_stm32f10x.o
    0x080010d4   0x00000060   Code   RO          418    i.SystemInit        system_stm32f10x.o
    0x08001134   0x00000074   Code   RO         2622    i.USART3_IRQHandler  sci.o
    0x080011a8   0x0000001e   Code   RO         2338    i.USART_ClearITPendingBit  stm32f10x_usart.o
    0x080011c6   0x00000018   Code   RO         2341    i.USART_Cmd         stm32f10x_usart.o
    0x080011de   0x00000002   PAD
    0x080011e0   0x0000009c   Code   RO         2343    i.USART_DeInit      stm32f10x_usart.o
    0x0800127c   0x0000004a   Code   RO         2347    i.USART_ITConfig    stm32f10x_usart.o
    0x080012c6   0x00000002   PAD
    0x080012c8   0x000000d8   Code   RO         2348    i.USART_Init        stm32f10x_usart.o
    0x080013a0   0x00000040   Code   RO         2520    i.USB_LP_CAN1_RX0_IRQHandler  can.o
    0x080013e0   0x00000004   Code   RO          360    i.UsageFault_Handler  stm32f10x_it.o
    0x080013e4   0x00000028   Code   RO         2813    i.__ARM_fpclassify  m_ws.l(fpclassify.o)
    0x0800140c   0x000000aa   Code   RO         2815    i.__kernel_poly     m_ws.l(poly.o)
    0x080014b6   0x00000002   PAD
    0x080014b8   0x00000010   Code   RO         2799    i.__mathlib_dbl_divzero  m_ws.l(dunder.o)
    0x080014c8   0x00000004   Code   RO         2801    i.__mathlib_dbl_infnan2  m_ws.l(dunder.o)
    0x080014cc   0x0000000c   Code   RO         2802    i.__mathlib_dbl_invalid  m_ws.l(dunder.o)
    0x080014d8   0x0000000e   Code   RO         2803    i.__mathlib_dbl_overflow  m_ws.l(dunder.o)
    0x080014e6   0x00000002   PAD
    0x080014e8   0x00000010   Code   RO         2805    i.__mathlib_dbl_underflow  m_ws.l(dunder.o)
    0x080014f8   0x00000020   Code   RO         2521    i.canTestTask       can.o
    0x08001518   0x00000056   Code   RO          221    i.checkNumbers      cli_1.o
    0x0800156e   0x00000018   Code   RO          222    i.cmdlen            cli_1.o
    0x08001586   0x00000002   PAD
    0x08001588   0x0000014c   Code   RO          224    i.findCommandInList  cli_1.o
    0x080016d4   0x0000009e   Code   RO         2625    i.int2String        sci.o
    0x08001772   0x00000002   PAD
    0x08001774   0x00000084   Code   RO         2568    i.ledTask           led.o
    0x080017f8   0x00000044   Code   RO          286    i.main              main.o
    0x0800183c   0x000009b8   Code   RO         2766    i.pow               m_ws.l(pow.o)
    0x080021f4   0x00000054   Code   RO          739    i.prvAddCurrentTaskToDelayedList  tasks.o
    0x08002248   0x0000002e   Code   RO          740    i.prvAllocateTCBAndStack  tasks.o
    0x08002276   0x00000002   PAD
    0x08002278   0x00000064   Code   RO          741    i.prvCheckTasksWaitingTermination  tasks.o
    0x080022dc   0x0000002a   Code   RO          627    i.prvCopyDataFromQueue  queue.o
    0x08002306   0x0000006e   Code   RO          628    i.prvCopyDataToQueue  queue.o
    0x08002374   0x00000012   Code   RO          742    i.prvDeleteTCB      tasks.o
    0x08002386   0x00000002   PAD
    0x08002388   0x00000038   Code   RO         1024    i.prvHeapInit       heap_2.o
    0x080023c0   0x00000018   Code   RO          743    i.prvIdleTask       tasks.o
    0x080023d8   0x00000054   Code   RO          744    i.prvInitialiseTCBVariables  tasks.o
    0x0800242c   0x00000068   Code   RO          745    i.prvInitialiseTaskLists  tasks.o
    0x08002494   0x0000001a   Code   RO          629    i.prvIsQueueEmpty   queue.o
    0x080024ae   0x0000001e   Code   RO          630    i.prvIsQueueFull    queue.o
    0x080024cc   0x00000034   Code   RO          746    i.prvResetNextTaskUnblockTime  tasks.o
    0x08002500   0x00000008   Code   RO          287    i.prvSetupHardware  main.o
    0x08002508   0x00000008   Code   RO          960    i.prvTaskExitError  port.o
    0x08002510   0x0000007e   Code   RO          631    i.prvUnlockQueue    queue.o
    0x0800258e   0x00000002   PAD
    0x08002590   0x000000b8   Code   RO         1025    i.pvPortMalloc      heap_2.o
    0x08002648   0x00000020   Code   RO          961    i.pxPortInitialiseStack  port.o
    0x08002668   0x000000dc   Code   RO         2626    i.sciConfiguration  sci.o
    0x08002744   0x00000012   Code   RO         2627    i.sciSendChar       sci.o
    0x08002756   0x0000001a   Code   RO         2629    i.sciSendString     sci.o
    0x08002770   0x0000006c   Code   RO         2630    i.sciSendTask       sci.o
    0x080027dc   0x0000004c   Code   RO         2819    i.sqrt              m_ws.l(sqrt.o)
    0x08002828   0x000000ac   Code   RO          288    i.startTask         main.o
    0x080028d4   0x0000033c   Code   RO          225    i.string2number     cli_1.o
    0x08002c10   0x00000028   Code   RO          591    i.uxListRemove      list.o
    0x08002c38   0x0000001a   Code   RO          592    i.vListInitialise   list.o
    0x08002c52   0x00000006   Code   RO          593    i.vListInitialiseItem  list.o
    0x08002c58   0x00000034   Code   RO          594    i.vListInsert       list.o
    0x08002c8c   0x00000018   Code   RO          595    i.vListInsertEnd    list.o
    0x08002ca4   0x00000020   Code   RO          963    i.vPortEnterCritical  port.o
    0x08002cc4   0x00000020   Code   RO          964    i.vPortExitCritical  port.o
    0x08002ce4   0x00000040   Code   RO         1026    i.vPortFree         heap_2.o
    0x08002d24   0x00000014   Code   RO          965    i.vPortSetupTimerInterrupt  port.o
    0x08002d38   0x00000018   Code   RO          966    i.vPortYield        port.o
    0x08002d50   0x00000054   Code   RO          751    i.vTaskDelay        tasks.o
    0x08002da4   0x000000a8   Code   RO          753    i.vTaskDelete       tasks.o
    0x08002e4c   0x0000000c   Code   RO          755    i.vTaskMissedYield  tasks.o
    0x08002e58   0x00000064   Code   RO          756    i.vTaskPlaceOnEventList  tasks.o
    0x08002ebc   0x00000018   Code   RO          760    i.vTaskSetTimeOutState  tasks.o
    0x08002ed4   0x00000048   Code   RO          761    i.vTaskStartScheduler  tasks.o
    0x08002f1c   0x00000010   Code   RO          763    i.vTaskSuspendAll   tasks.o
    0x08002f2c   0x00000060   Code   RO          764    i.vTaskSwitchContext  tasks.o
    0x08002f8c   0x00000034   Code   RO          967    i.xPortStartScheduler  port.o
    0x08002fc0   0x00000020   Code   RO          968    i.xPortSysTickHandler  port.o
    0x08002fe0   0x00000048   Code   RO          636    i.xQueueGenericCreate  queue.o
    0x08003028   0x000000fe   Code   RO          637    i.xQueueGenericReceive  queue.o
    0x08003126   0x0000006e   Code   RO          638    i.xQueueGenericReset  queue.o
    0x08003194   0x000000ea   Code   RO          639    i.xQueueGenericSend  queue.o
    0x0800327e   0x00000002   PAD
    0x08003280   0x0000005c   Code   RO          765    i.xTaskCheckForTimeOut  tasks.o
    0x080032dc   0x000000fc   Code   RO          766    i.xTaskGenericCreate  tasks.o
    0x080033d8   0x00000120   Code   RO          769    i.xTaskIncrementTick  tasks.o
    0x080034f8   0x00000080   Code   RO          770    i.xTaskRemoveFromEventList  tasks.o
    0x08003578   0x000000dc   Code   RO          772    i.xTaskResumeAll    tasks.o
    0x08003654   0x00000062   Code   RO         2719    x$fpl$d2f           fz_ws.l(d2f.o)
    0x080036b6   0x00000002   PAD
    0x080036b8   0x00000150   Code   RO         2721    x$fpl$dadd          fz_ws.l(daddsub_clz.o)
    0x08003808   0x00000010   Code   RO         2846    x$fpl$dcheck1       fz_ws.l(dcheck1.o)
    0x08003818   0x00000018   Code   RO         2848    x$fpl$dcmpinf       fz_ws.l(dcmpi.o)
    0x08003830   0x000002b0   Code   RO         2781    x$fpl$ddiv          fz_ws.l(ddiv.o)
    0x08003ae0   0x0000002e   Code   RO         2732    x$fpl$dflt          fz_ws.l(dflt_clz.o)
    0x08003b0e   0x00000002   PAD
    0x08003b10   0x00000078   Code   RO         2784    x$fpl$dleqf         fz_ws.l(dleqf.o)
    0x08003b88   0x00000154   Code   RO         2737    x$fpl$dmul          fz_ws.l(dmul.o)
    0x08003cdc   0x0000009c   Code   RO         2786    x$fpl$dnaninf       fz_ws.l(dnaninf.o)
    0x08003d78   0x0000000c   Code   RO         2788    x$fpl$dretinf       fz_ws.l(dretinf.o)
    0x08003d84   0x0000006c   Code   RO         2739    x$fpl$drleqf        fz_ws.l(drleqf.o)
    0x08003df0   0x00000016   Code   RO         2722    x$fpl$drsb          fz_ws.l(daddsub_clz.o)
    0x08003e06   0x00000002   PAD
    0x08003e08   0x000001cc   Code   RO         2850    x$fpl$dsqrt         fz_ws.l(dsqrt_noumaal.o)
    0x08003fd4   0x000001d4   Code   RO         2723    x$fpl$dsub          fz_ws.l(daddsub_clz.o)
    0x080041a8   0x00000056   Code   RO         2741    x$fpl$f2d           fz_ws.l(f2d.o)
    0x080041fe   0x00000002   PAD
    0x08004200   0x000000c4   Code   RO         2743    x$fpl$fadd          fz_ws.l(faddsub_clz.o)
    0x080042c4   0x00000018   Code   RO         2790    x$fpl$fcmpinf       fz_ws.l(fcmpi.o)
    0x080042dc   0x00000068   Code   RO         2749    x$fpl$feqf          fz_ws.l(feqf.o)
    0x08004344   0x00000036   Code   RO         2751    x$fpl$ffix          fz_ws.l(ffix.o)
    0x0800437a   0x00000002   PAD
    0x0800437c   0x00000102   Code   RO         2763    x$fpl$fmul          fz_ws.l(fmul.o)
    0x0800447e   0x0000008c   Code   RO         2792    x$fpl$fnaninf       fz_ws.l(fnaninf.o)
    0x0800450a   0x0000000a   Code   RO         2794    x$fpl$fretinf       fz_ws.l(fretinf.o)
    0x08004514   0x000000ea   Code   RO         2745    x$fpl$fsub          fz_ws.l(faddsub_clz.o)
    0x080045fe   0x00000064   Code   RO         2865    x$fpl$retnan        fz_ws.l(retnan.o)
    0x08004662   0x0000005c   Code   RO         2796    x$fpl$scalbn        fz_ws.l(scalbn.o)
    0x080046be   0x00000030   Code   RO         2914    x$fpl$trapveneer    fz_ws.l(trapv.o)
    0x080046ee   0x00000000   Code   RO         2798    x$fpl$usenofp       fz_ws.l(usenofp.o)
    0x080046ee   0x00000002   PAD
    0x080046f0   0x00000088   Data   RO         2767    .constdata          m_ws.l(pow.o)
    0x08004778   0x00000008   Data   RO         2817    .constdata          m_ws.l(qnan.o)
    0x08004780   0x00000020   Data   RO         2992    Region$$Table       anon$$obj.o


    Execution Region RW_IRAM1 (Base: 0x20000000, Size: 0x00004bf8, Max: 0x00005000, ABSOLUTE)

    Base Addr    Size         Type   Attr      Idx    E Section Name        Object

    0x20000000   0x0000000c   Data   RW          289    .data               main.o
    0x2000000c   0x00000038   Data   RW          775    .data               tasks.o
    0x20000044   0x00000004   Data   RW          969    .data               port.o
    0x20000048   0x00000018   Data   RW         1030    .data               heap_2.o
    0x20000060   0x00000014   Data   RW         1621    .data               stm32f10x_rcc.o
    0x20000074   0x00000004   Data   RW         2523    .data               can.o
    0x20000078   0x0000000c   Data   RW         2569    .data               led.o
    0x20000084   0x00000004   Data   RW         2633    .data               sci.o
    0x20000088   0x000000c8   Zero   RW          774    .bss                tasks.o
    0x20000150   0x00004400   Zero   RW         1029    .bss                heap_2.o
    0x20004550   0x00000028   Zero   RW         2522    .bss                can.o
    0x20004578   0x0000001c   Zero   RW         2632    .bss                sci.o
    0x20004594   0x00000060   Zero   RW         2853    .bss                c_w.l(libspace.o)
    0x200045f4   0x00000004   PAD
    0x200045f8   0x00000200   Zero   RW          450    HEAP                startup_stm32f10x_md.o
    0x200047f8   0x00000400   Zero   RW          449    STACK               startup_stm32f10x_md.o


==============================================================================

Image component sizes


      Code (inc. data)   RO Data    RW Data    ZI Data      Debug   Object Name

       456         50          0          4         40      17990   can.o
         0          0          0          0          0     248680   canopen.o
      1270        140          0          0          0       3452   cli_1.o
         0          0          0          0          0         32   core_cm3.o
         0          0          0          0          0       1452   event_groups.o
       304         40          0         24      17408       3219   heap_2.o
       360         30          0         12          0       2077   led.o
       148          0          0          0          0       2746   list.o
       248         78          0         12          0       1475   main.o
       112         12          0          0          0        868   misc.o
       394         56          0          4          0       5925   port.o
      1004          0          0          0          0       7374   queue.o
       786        114          0          4         28       4640   sci.o
        64         26        236          0       1536        760   startup_stm32f10x_md.o
      1246         14          0          0          0       5526   stm32f10x_can.o
       432          6          0          0          0       3070   stm32f10x_gpio.o
        20          0          0          0          0       2313   stm32f10x_it.o
       340         44          0         20          0       5096   stm32f10x_rcc.o
       500         28          0          0          0       4475   stm32f10x_usart.o
       328         28          0          0          0       1685   system_stm32f10x.o
      2064        338          0         56        200      14742   tasks.o

    ----------------------------------------------------------------------
     10102       1004        268        136      19212     337597   Object Totals
         0          0         32          0          0          0   (incl. Generated)
        26          0          0          0          0          0   (incl. Padding)

    ----------------------------------------------------------------------

      Code (inc. data)   RO Data    RW Data    ZI Data      Debug   Library Member Name

         8          0          0          0          0         68   __main.o
         0          0          0          0          0          0   __rtentry.o
        12          0          0          0          0          0   __rtentry2.o
         6          0          0          0          0          0   __rtentry4.o
        52          8          0          0          0          0   __scatter.o
        26          0          0          0          0          0   __scatter_copy.o
        28          0          0          0          0          0   __scatter_zi.o
        22          0          0          0          0        100   _rserrno.o
        12          0          0          0          0         72   exit.o
         6          0          0          0          0        152   heapauxi.o
         0          0          0          0          0          0   indicate_semi.o
         2          0          0          0          0          0   libinit.o
         2          0          0          0          0          0   libinit2.o
         2          0          0          0          0          0   libshutdown.o
         2          0          0          0          0          0   libshutdown2.o
         8          4          0          0         96         68   libspace.o
         8          4          0          0          0         68   rt_errno_addr_intlibspace.o
       138          0          0          0          0         68   rt_memcpy_v6.o
       100          0          0          0          0         80   rt_memcpy_w.o
         2          0          0          0          0          0   rtexit.o
        10          0          0          0          0          0   rtexit2.o
       128          0          0          0          0         68   strcmpv7m.o
        62          0          0          0          0         76   strlen.o
        12          4          0          0          0         68   sys_exit.o
        74          0          0          0          0         80   sys_stackheap_outer.o
         2          0          0          0          0         68   use_no_semi.o
        98          4          0          0          0         92   d2f.o
       826         16          0          0          0        348   daddsub_clz.o
        16          4          0          0          0         68   dcheck1.o
        24          0          0          0          0         68   dcmpi.o
       688        140          0          0          0        208   ddiv.o
        46          0          0          0          0         68   dflt_clz.o
       120          4          0          0          0         92   dleqf.o
       340         12          0          0          0        104   dmul.o
       156          4          0          0          0         92   dnaninf.o
        12          0          0          0          0         68   dretinf.o
       108          0          0          0          0         80   drleqf.o
       460         56          0          0          0        120   dsqrt_noumaal.o
        86          4          0          0          0         84   f2d.o
       430          8          0          0          0        168   faddsub_clz.o
        24          0          0          0          0         68   fcmpi.o
       104          4          0          0          0         84   feqf.o
        54          4          0          0          0         84   ffix.o
       258          4          0          0          0         84   fmul.o
       140          4          0          0          0         84   fnaninf.o
        10          0          0          0          0         68   fretinf.o
       100          0          0          0          0         68   retnan.o
        92          0          0          0          0         68   scalbn.o
        48          0          0          0          0         68   trapv.o
         0          0          0          0          0          0   usenofp.o
        62         10          0          0          0        340   dunder.o
        40          0          0          0          0         68   fpclassify.o
       170          0          0          0          0         96   poly.o
      2488        190        136          0          0        300   pow.o
         0          0          8          0          0          0   qnan.o
        76          0          0          0          0         84   sqrt.o

    ----------------------------------------------------------------------
      7822        488        144          0        100       4260   Library Totals
        22          0          0          0          4          0   (incl. Padding)

    ----------------------------------------------------------------------

      Code (inc. data)   RO Data    RW Data    ZI Data      Debug   Library Name

       724         20          0          0         96       1036   c_w.l
      4240        268          0          0          0       2336   fz_ws.l
      2836        200        144          0          0        888   m_ws.l

    ----------------------------------------------------------------------
      7822        488        144          0        100       4260   Library Totals

    ----------------------------------------------------------------------

==============================================================================


      Code (inc. data)   RO Data    RW Data    ZI Data      Debug   

     17924       1492        412        136      19312     334521   Grand Totals
     17924       1492        412        136      19312     334521   ELF Image Totals
     17924       1492        412        136          0          0   ROM Totals

==============================================================================

    Total RO  Size (Code + RO Data)                18336 (  17.91kB)
    Total RW  Size (RW Data + ZI Data)             19448 (  18.99kB)
    Total ROM Size (Code + RO Data + RW Data)      18472 (  18.04kB)

==============================================================================

